Archive member included to satisfy reference by file (symbol)

c:/program files (x86)/atmel/studio/7.0/toolchain/avr8/avr8-gnu-toolchain/bin/../lib/gcc/avr/4.9.2/avr25/tiny-stack\libgcc.a(_mulqi3.o)
                              lib/shell/cmd_util.o (__mulqi3)
c:/program files (x86)/atmel/studio/7.0/toolchain/avr8/avr8-gnu-toolchain/bin/../lib/gcc/avr/4.9.2/avr25/tiny-stack\libgcc.a(_mulhi3.o)
                              lib/relay/relay.o (__mulhi3)
c:/program files (x86)/atmel/studio/7.0/toolchain/avr8/avr8-gnu-toolchain/bin/../lib/gcc/avr/4.9.2/avr25/tiny-stack\libgcc.a(_exit.o)
                              C:/Program Files (x86)/Atmel/Studio/7.0/Packs/Atmel/ATtiny_DFP/1.2.118/gcc/dev/attiny2313/avr25/tiny-stack/crtattiny2313.o (exit)
c:/program files (x86)/atmel/studio/7.0/toolchain/avr8/avr8-gnu-toolchain/bin/../lib/gcc/avr/4.9.2/avr25/tiny-stack\libgcc.a(_copy_data.o)
                              lib/shell/cmd_func.o (__do_copy_data)
c:/program files (x86)/atmel/studio/7.0/toolchain/avr8/avr8-gnu-toolchain/bin/../lib/gcc/avr/4.9.2/avr25/tiny-stack\libgcc.a(_clear_bss.o)
                              lib/relay/relay.o (__do_clear_bss)
C:/Program Files (x86)/Atmel/Studio/7.0/Packs/Atmel/ATtiny_DFP/1.2.118/gcc/dev/attiny2313/avr25/tiny-stack\libattiny2313.a(eerd_word.o)
                              lib/relay/relay.o (eeprom_read_word)
C:/Program Files (x86)/Atmel/Studio/7.0/Packs/Atmel/ATtiny_DFP/1.2.118/gcc/dev/attiny2313/avr25/tiny-stack\libattiny2313.a(eewr_word.o)
                              lib/relay/relay.o (eeprom_write_word)
C:/Program Files (x86)/Atmel/Studio/7.0/Packs/Atmel/ATtiny_DFP/1.2.118/gcc/dev/attiny2313/avr25/tiny-stack\libattiny2313.a(eerd_block.o)
                              C:/Program Files (x86)/Atmel/Studio/7.0/Packs/Atmel/ATtiny_DFP/1.2.118/gcc/dev/attiny2313/avr25/tiny-stack\libattiny2313.a(eerd_word.o) (eeprom_read_blraw)
C:/Program Files (x86)/Atmel/Studio/7.0/Packs/Atmel/ATtiny_DFP/1.2.118/gcc/dev/attiny2313/avr25/tiny-stack\libattiny2313.a(eewr_byte.o)
                              C:/Program Files (x86)/Atmel/Studio/7.0/Packs/Atmel/ATtiny_DFP/1.2.118/gcc/dev/attiny2313/avr25/tiny-stack\libattiny2313.a(eewr_word.o) (eeprom_write_byte)

Allocating common symbols
Common symbol       size              file

arg_ptr             0x6               lib/shell/cmd_interp.o
args_num            0x1               lib/shell/cmd_interp.o
main_watchdog_timeout_s
                    0x2               lib/relay/relay.o
Tx_buffer           0x16              lib/relay/relay.o
ledtype             0x1               lib/shell/cmd_func.o
Rx_buffer           0x16              lib/relay/relay.o

Discarded input sections

 .data          0x00000000        0x0 C:/Program Files (x86)/Atmel/Studio/7.0/Packs/Atmel/ATtiny_DFP/1.2.118/gcc/dev/attiny2313/avr25/tiny-stack/crtattiny2313.o
 .bss           0x00000000        0x0 C:/Program Files (x86)/Atmel/Studio/7.0/Packs/Atmel/ATtiny_DFP/1.2.118/gcc/dev/attiny2313/avr25/tiny-stack/crtattiny2313.o
 .text          0x00000000        0x0 lib/relay/relay.o
 .data          0x00000000        0x0 lib/relay/relay.o
 .bss           0x00000000        0x0 lib/relay/relay.o
 .text          0x00000000        0x0 lib/shell/cmd_func.o
 .data          0x00000000        0x0 lib/shell/cmd_func.o
 .bss           0x00000000        0x0 lib/shell/cmd_func.o
 COMMON         0x00000000        0x1 lib/shell/cmd_func.o
 .text          0x00000000        0x0 lib/shell/cmd_interp.o
 .data          0x00000000        0x0 lib/shell/cmd_interp.o
 .bss           0x00000000        0x0 lib/shell/cmd_interp.o
 .text          0x00000000        0x0 lib/shell/cmd_util.o
 .data          0x00000000        0x0 lib/shell/cmd_util.o
 .bss           0x00000000        0x0 lib/shell/cmd_util.o
 .text.is_digit
                0x00000000        0xe lib/shell/cmd_util.o
 .text.str_to_uint8
                0x00000000       0x44 lib/shell/cmd_util.o
 .text.str_to_b_uint16
                0x00000000       0x4c lib/shell/cmd_util.o
 .text          0x00000000        0x0 lib/usart/uart_text_io.o
 .data          0x00000000        0x0 lib/usart/uart_text_io.o
 .bss           0x00000000        0x0 lib/usart/uart_text_io.o
 .text.usart_send_char_hard
                0x00000000        0x8 lib/usart/uart_text_io.o
 .text          0x00000000        0x0 main.o
 .data          0x00000000        0x0 main.o
 .bss           0x00000000        0x0 main.o
 .text.wdt_init
                0x00000000       0x12 main.o
 .text          0x00000000        0x0 rtos/rtos.o
 .data          0x00000000        0x0 rtos/rtos.o
 .bss           0x00000000        0x0 rtos/rtos.o
 .text          0x00000000        0x0 c:/program files (x86)/atmel/studio/7.0/toolchain/avr8/avr8-gnu-toolchain/bin/../lib/gcc/avr/4.9.2/avr25/tiny-stack\libgcc.a(_mulqi3.o)
 .data          0x00000000        0x0 c:/program files (x86)/atmel/studio/7.0/toolchain/avr8/avr8-gnu-toolchain/bin/../lib/gcc/avr/4.9.2/avr25/tiny-stack\libgcc.a(_mulqi3.o)
 .bss           0x00000000        0x0 c:/program files (x86)/atmel/studio/7.0/toolchain/avr8/avr8-gnu-toolchain/bin/../lib/gcc/avr/4.9.2/avr25/tiny-stack\libgcc.a(_mulqi3.o)
 .text.libgcc.mul
                0x00000000       0x12 c:/program files (x86)/atmel/studio/7.0/toolchain/avr8/avr8-gnu-toolchain/bin/../lib/gcc/avr/4.9.2/avr25/tiny-stack\libgcc.a(_mulqi3.o)
 .text.libgcc.div
                0x00000000        0x0 c:/program files (x86)/atmel/studio/7.0/toolchain/avr8/avr8-gnu-toolchain/bin/../lib/gcc/avr/4.9.2/avr25/tiny-stack\libgcc.a(_mulqi3.o)
 .text.libgcc   0x00000000        0x0 c:/program files (x86)/atmel/studio/7.0/toolchain/avr8/avr8-gnu-toolchain/bin/../lib/gcc/avr/4.9.2/avr25/tiny-stack\libgcc.a(_mulqi3.o)
 .text.libgcc.prologue
                0x00000000        0x0 c:/program files (x86)/atmel/studio/7.0/toolchain/avr8/avr8-gnu-toolchain/bin/../lib/gcc/avr/4.9.2/avr25/tiny-stack\libgcc.a(_mulqi3.o)
 .text.libgcc.builtins
                0x00000000        0x0 c:/program files (x86)/atmel/studio/7.0/toolchain/avr8/avr8-gnu-toolchain/bin/../lib/gcc/avr/4.9.2/avr25/tiny-stack\libgcc.a(_mulqi3.o)
 .text.libgcc.fmul
                0x00000000        0x0 c:/program files (x86)/atmel/studio/7.0/toolchain/avr8/avr8-gnu-toolchain/bin/../lib/gcc/avr/4.9.2/avr25/tiny-stack\libgcc.a(_mulqi3.o)
 .text.libgcc.fixed
                0x00000000        0x0 c:/program files (x86)/atmel/studio/7.0/toolchain/avr8/avr8-gnu-toolchain/bin/../lib/gcc/avr/4.9.2/avr25/tiny-stack\libgcc.a(_mulqi3.o)
 .text          0x00000000        0x0 c:/program files (x86)/atmel/studio/7.0/toolchain/avr8/avr8-gnu-toolchain/bin/../lib/gcc/avr/4.9.2/avr25/tiny-stack\libgcc.a(_mulhi3.o)
 .data          0x00000000        0x0 c:/program files (x86)/atmel/studio/7.0/toolchain/avr8/avr8-gnu-toolchain/bin/../lib/gcc/avr/4.9.2/avr25/tiny-stack\libgcc.a(_mulhi3.o)
 .bss           0x00000000        0x0 c:/program files (x86)/atmel/studio/7.0/toolchain/avr8/avr8-gnu-toolchain/bin/../lib/gcc/avr/4.9.2/avr25/tiny-stack\libgcc.a(_mulhi3.o)
 .text.libgcc.div
                0x00000000        0x0 c:/program files (x86)/atmel/studio/7.0/toolchain/avr8/avr8-gnu-toolchain/bin/../lib/gcc/avr/4.9.2/avr25/tiny-stack\libgcc.a(_mulhi3.o)
 .text.libgcc   0x00000000        0x0 c:/program files (x86)/atmel/studio/7.0/toolchain/avr8/avr8-gnu-toolchain/bin/../lib/gcc/avr/4.9.2/avr25/tiny-stack\libgcc.a(_mulhi3.o)
 .text.libgcc.prologue
                0x00000000        0x0 c:/program files (x86)/atmel/studio/7.0/toolchain/avr8/avr8-gnu-toolchain/bin/../lib/gcc/avr/4.9.2/avr25/tiny-stack\libgcc.a(_mulhi3.o)
 .text.libgcc.builtins
                0x00000000        0x0 c:/program files (x86)/atmel/studio/7.0/toolchain/avr8/avr8-gnu-toolchain/bin/../lib/gcc/avr/4.9.2/avr25/tiny-stack\libgcc.a(_mulhi3.o)
 .text.libgcc.fmul
                0x00000000        0x0 c:/program files (x86)/atmel/studio/7.0/toolchain/avr8/avr8-gnu-toolchain/bin/../lib/gcc/avr/4.9.2/avr25/tiny-stack\libgcc.a(_mulhi3.o)
 .text.libgcc.fixed
                0x00000000        0x0 c:/program files (x86)/atmel/studio/7.0/toolchain/avr8/avr8-gnu-toolchain/bin/../lib/gcc/avr/4.9.2/avr25/tiny-stack\libgcc.a(_mulhi3.o)
 .text          0x00000000        0x0 c:/program files (x86)/atmel/studio/7.0/toolchain/avr8/avr8-gnu-toolchain/bin/../lib/gcc/avr/4.9.2/avr25/tiny-stack\libgcc.a(_exit.o)
 .data          0x00000000        0x0 c:/program files (x86)/atmel/studio/7.0/toolchain/avr8/avr8-gnu-toolchain/bin/../lib/gcc/avr/4.9.2/avr25/tiny-stack\libgcc.a(_exit.o)
 .bss           0x00000000        0x0 c:/program files (x86)/atmel/studio/7.0/toolchain/avr8/avr8-gnu-toolchain/bin/../lib/gcc/avr/4.9.2/avr25/tiny-stack\libgcc.a(_exit.o)
 .text.libgcc.mul
                0x00000000        0x0 c:/program files (x86)/atmel/studio/7.0/toolchain/avr8/avr8-gnu-toolchain/bin/../lib/gcc/avr/4.9.2/avr25/tiny-stack\libgcc.a(_exit.o)
 .text.libgcc.div
                0x00000000        0x0 c:/program files (x86)/atmel/studio/7.0/toolchain/avr8/avr8-gnu-toolchain/bin/../lib/gcc/avr/4.9.2/avr25/tiny-stack\libgcc.a(_exit.o)
 .text.libgcc   0x00000000        0x0 c:/program files (x86)/atmel/studio/7.0/toolchain/avr8/avr8-gnu-toolchain/bin/../lib/gcc/avr/4.9.2/avr25/tiny-stack\libgcc.a(_exit.o)
 .text.libgcc.prologue
                0x00000000        0x0 c:/program files (x86)/atmel/studio/7.0/toolchain/avr8/avr8-gnu-toolchain/bin/../lib/gcc/avr/4.9.2/avr25/tiny-stack\libgcc.a(_exit.o)
 .text.libgcc.builtins
                0x00000000        0x0 c:/program files (x86)/atmel/studio/7.0/toolchain/avr8/avr8-gnu-toolchain/bin/../lib/gcc/avr/4.9.2/avr25/tiny-stack\libgcc.a(_exit.o)
 .text.libgcc.fmul
                0x00000000        0x0 c:/program files (x86)/atmel/studio/7.0/toolchain/avr8/avr8-gnu-toolchain/bin/../lib/gcc/avr/4.9.2/avr25/tiny-stack\libgcc.a(_exit.o)
 .text.libgcc.fixed
                0x00000000        0x0 c:/program files (x86)/atmel/studio/7.0/toolchain/avr8/avr8-gnu-toolchain/bin/../lib/gcc/avr/4.9.2/avr25/tiny-stack\libgcc.a(_exit.o)
 .text          0x00000000        0x0 c:/program files (x86)/atmel/studio/7.0/toolchain/avr8/avr8-gnu-toolchain/bin/../lib/gcc/avr/4.9.2/avr25/tiny-stack\libgcc.a(_copy_data.o)
 .data          0x00000000        0x0 c:/program files (x86)/atmel/studio/7.0/toolchain/avr8/avr8-gnu-toolchain/bin/../lib/gcc/avr/4.9.2/avr25/tiny-stack\libgcc.a(_copy_data.o)
 .bss           0x00000000        0x0 c:/program files (x86)/atmel/studio/7.0/toolchain/avr8/avr8-gnu-toolchain/bin/../lib/gcc/avr/4.9.2/avr25/tiny-stack\libgcc.a(_copy_data.o)
 .text.libgcc.mul
                0x00000000        0x0 c:/program files (x86)/atmel/studio/7.0/toolchain/avr8/avr8-gnu-toolchain/bin/../lib/gcc/avr/4.9.2/avr25/tiny-stack\libgcc.a(_copy_data.o)
 .text.libgcc.div
                0x00000000        0x0 c:/program files (x86)/atmel/studio/7.0/toolchain/avr8/avr8-gnu-toolchain/bin/../lib/gcc/avr/4.9.2/avr25/tiny-stack\libgcc.a(_copy_data.o)
 .text.libgcc   0x00000000        0x0 c:/program files (x86)/atmel/studio/7.0/toolchain/avr8/avr8-gnu-toolchain/bin/../lib/gcc/avr/4.9.2/avr25/tiny-stack\libgcc.a(_copy_data.o)
 .text.libgcc.prologue
                0x00000000        0x0 c:/program files (x86)/atmel/studio/7.0/toolchain/avr8/avr8-gnu-toolchain/bin/../lib/gcc/avr/4.9.2/avr25/tiny-stack\libgcc.a(_copy_data.o)
 .text.libgcc.builtins
                0x00000000        0x0 c:/program files (x86)/atmel/studio/7.0/toolchain/avr8/avr8-gnu-toolchain/bin/../lib/gcc/avr/4.9.2/avr25/tiny-stack\libgcc.a(_copy_data.o)
 .text.libgcc.fmul
                0x00000000        0x0 c:/program files (x86)/atmel/studio/7.0/toolchain/avr8/avr8-gnu-toolchain/bin/../lib/gcc/avr/4.9.2/avr25/tiny-stack\libgcc.a(_copy_data.o)
 .text.libgcc.fixed
                0x00000000        0x0 c:/program files (x86)/atmel/studio/7.0/toolchain/avr8/avr8-gnu-toolchain/bin/../lib/gcc/avr/4.9.2/avr25/tiny-stack\libgcc.a(_copy_data.o)
 .text          0x00000000        0x0 c:/program files (x86)/atmel/studio/7.0/toolchain/avr8/avr8-gnu-toolchain/bin/../lib/gcc/avr/4.9.2/avr25/tiny-stack\libgcc.a(_clear_bss.o)
 .data          0x00000000        0x0 c:/program files (x86)/atmel/studio/7.0/toolchain/avr8/avr8-gnu-toolchain/bin/../lib/gcc/avr/4.9.2/avr25/tiny-stack\libgcc.a(_clear_bss.o)
 .bss           0x00000000        0x0 c:/program files (x86)/atmel/studio/7.0/toolchain/avr8/avr8-gnu-toolchain/bin/../lib/gcc/avr/4.9.2/avr25/tiny-stack\libgcc.a(_clear_bss.o)
 .text.libgcc.mul
                0x00000000        0x0 c:/program files (x86)/atmel/studio/7.0/toolchain/avr8/avr8-gnu-toolchain/bin/../lib/gcc/avr/4.9.2/avr25/tiny-stack\libgcc.a(_clear_bss.o)
 .text.libgcc.div
                0x00000000        0x0 c:/program files (x86)/atmel/studio/7.0/toolchain/avr8/avr8-gnu-toolchain/bin/../lib/gcc/avr/4.9.2/avr25/tiny-stack\libgcc.a(_clear_bss.o)
 .text.libgcc   0x00000000        0x0 c:/program files (x86)/atmel/studio/7.0/toolchain/avr8/avr8-gnu-toolchain/bin/../lib/gcc/avr/4.9.2/avr25/tiny-stack\libgcc.a(_clear_bss.o)
 .text.libgcc.prologue
                0x00000000        0x0 c:/program files (x86)/atmel/studio/7.0/toolchain/avr8/avr8-gnu-toolchain/bin/../lib/gcc/avr/4.9.2/avr25/tiny-stack\libgcc.a(_clear_bss.o)
 .text.libgcc.builtins
                0x00000000        0x0 c:/program files (x86)/atmel/studio/7.0/toolchain/avr8/avr8-gnu-toolchain/bin/../lib/gcc/avr/4.9.2/avr25/tiny-stack\libgcc.a(_clear_bss.o)
 .text.libgcc.fmul
                0x00000000        0x0 c:/program files (x86)/atmel/studio/7.0/toolchain/avr8/avr8-gnu-toolchain/bin/../lib/gcc/avr/4.9.2/avr25/tiny-stack\libgcc.a(_clear_bss.o)
 .text.libgcc.fixed
                0x00000000        0x0 c:/program files (x86)/atmel/studio/7.0/toolchain/avr8/avr8-gnu-toolchain/bin/../lib/gcc/avr/4.9.2/avr25/tiny-stack\libgcc.a(_clear_bss.o)
 .text          0x00000000        0x0 C:/Program Files (x86)/Atmel/Studio/7.0/Packs/Atmel/ATtiny_DFP/1.2.118/gcc/dev/attiny2313/avr25/tiny-stack\libattiny2313.a(eerd_word.o)
 .data          0x00000000        0x0 C:/Program Files (x86)/Atmel/Studio/7.0/Packs/Atmel/ATtiny_DFP/1.2.118/gcc/dev/attiny2313/avr25/tiny-stack\libattiny2313.a(eerd_word.o)
 .bss           0x00000000        0x0 C:/Program Files (x86)/Atmel/Studio/7.0/Packs/Atmel/ATtiny_DFP/1.2.118/gcc/dev/attiny2313/avr25/tiny-stack\libattiny2313.a(eerd_word.o)
 .text          0x00000000        0x0 C:/Program Files (x86)/Atmel/Studio/7.0/Packs/Atmel/ATtiny_DFP/1.2.118/gcc/dev/attiny2313/avr25/tiny-stack\libattiny2313.a(eewr_word.o)
 .data          0x00000000        0x0 C:/Program Files (x86)/Atmel/Studio/7.0/Packs/Atmel/ATtiny_DFP/1.2.118/gcc/dev/attiny2313/avr25/tiny-stack\libattiny2313.a(eewr_word.o)
 .bss           0x00000000        0x0 C:/Program Files (x86)/Atmel/Studio/7.0/Packs/Atmel/ATtiny_DFP/1.2.118/gcc/dev/attiny2313/avr25/tiny-stack\libattiny2313.a(eewr_word.o)
 .text          0x00000000        0x0 C:/Program Files (x86)/Atmel/Studio/7.0/Packs/Atmel/ATtiny_DFP/1.2.118/gcc/dev/attiny2313/avr25/tiny-stack\libattiny2313.a(eerd_block.o)
 .data          0x00000000        0x0 C:/Program Files (x86)/Atmel/Studio/7.0/Packs/Atmel/ATtiny_DFP/1.2.118/gcc/dev/attiny2313/avr25/tiny-stack\libattiny2313.a(eerd_block.o)
 .bss           0x00000000        0x0 C:/Program Files (x86)/Atmel/Studio/7.0/Packs/Atmel/ATtiny_DFP/1.2.118/gcc/dev/attiny2313/avr25/tiny-stack\libattiny2313.a(eerd_block.o)
 .text          0x00000000        0x0 C:/Program Files (x86)/Atmel/Studio/7.0/Packs/Atmel/ATtiny_DFP/1.2.118/gcc/dev/attiny2313/avr25/tiny-stack\libattiny2313.a(eewr_byte.o)
 .data          0x00000000        0x0 C:/Program Files (x86)/Atmel/Studio/7.0/Packs/Atmel/ATtiny_DFP/1.2.118/gcc/dev/attiny2313/avr25/tiny-stack\libattiny2313.a(eewr_byte.o)
 .bss           0x00000000        0x0 C:/Program Files (x86)/Atmel/Studio/7.0/Packs/Atmel/ATtiny_DFP/1.2.118/gcc/dev/attiny2313/avr25/tiny-stack\libattiny2313.a(eewr_byte.o)

Memory Configuration

Name             Origin             Length             Attributes
text             0x00000000         0x00002000         xr
data             0x00800060         0x0000ffa0         rw !x
eeprom           0x00810000         0x00010000         rw !x
fuse             0x00820000         0x00000003         rw !x
lock             0x00830000         0x00000400         rw !x
signature        0x00840000         0x00000400         rw !x
user_signatures  0x00850000         0x00000400         rw !x
*default*        0x00000000         0xffffffff

Linker script and memory map

LOAD C:/Program Files (x86)/Atmel/Studio/7.0/Packs/Atmel/ATtiny_DFP/1.2.118/gcc/dev/attiny2313/avr25/tiny-stack/crtattiny2313.o
LOAD lib/relay/relay.o
LOAD lib/shell/cmd_func.o
LOAD lib/shell/cmd_interp.o
LOAD lib/shell/cmd_util.o
LOAD lib/usart/uart_text_io.o
LOAD main.o
LOAD rtos/rtos.o
START GROUP
LOAD c:/program files (x86)/atmel/studio/7.0/toolchain/avr8/avr8-gnu-toolchain/bin/../lib/gcc/avr/4.9.2/../../../../avr/lib/avr25/tiny-stack\libm.a
END GROUP
START GROUP
LOAD c:/program files (x86)/atmel/studio/7.0/toolchain/avr8/avr8-gnu-toolchain/bin/../lib/gcc/avr/4.9.2/avr25/tiny-stack\libgcc.a
LOAD c:/program files (x86)/atmel/studio/7.0/toolchain/avr8/avr8-gnu-toolchain/bin/../lib/gcc/avr/4.9.2/../../../../avr/lib/avr25/tiny-stack\libm.a
LOAD c:/program files (x86)/atmel/studio/7.0/toolchain/avr8/avr8-gnu-toolchain/bin/../lib/gcc/avr/4.9.2/../../../../avr/lib/avr25/tiny-stack\libc.a
LOAD C:/Program Files (x86)/Atmel/Studio/7.0/Packs/Atmel/ATtiny_DFP/1.2.118/gcc/dev/attiny2313/avr25/tiny-stack\libattiny2313.a
END GROUP
                0x00002000                __TEXT_REGION_LENGTH__ = DEFINED (__TEXT_REGION_LENGTH__)?__TEXT_REGION_LENGTH__:0x2000
                0x0000ffa0                __DATA_REGION_LENGTH__ = DEFINED (__DATA_REGION_LENGTH__)?__DATA_REGION_LENGTH__:0xffa0
                0x00010000                __EEPROM_REGION_LENGTH__ = DEFINED (__EEPROM_REGION_LENGTH__)?__EEPROM_REGION_LENGTH__:0x10000
                [0x00000003]                __FUSE_REGION_LENGTH__ = DEFINED (__FUSE_REGION_LENGTH__)?__FUSE_REGION_LENGTH__:0x400
                0x00000400                __LOCK_REGION_LENGTH__ = DEFINED (__LOCK_REGION_LENGTH__)?__LOCK_REGION_LENGTH__:0x400
                0x00000400                __SIGNATURE_REGION_LENGTH__ = DEFINED (__SIGNATURE_REGION_LENGTH__)?__SIGNATURE_REGION_LENGTH__:0x400
                0x00000400                __USER_SIGNATURE_REGION_LENGTH__ = DEFINED (__USER_SIGNATURE_REGION_LENGTH__)?__USER_SIGNATURE_REGION_LENGTH__:0x400

.hash
 *(.hash)

.dynsym
 *(.dynsym)

.dynstr
 *(.dynstr)

.gnu.version
 *(.gnu.version)

.gnu.version_d
 *(.gnu.version_d)

.gnu.version_r
 *(.gnu.version_r)

.rel.init
 *(.rel.init)

.rela.init
 *(.rela.init)

.rel.text
 *(.rel.text)
 *(.rel.text.*)
 *(.rel.gnu.linkonce.t*)

.rela.text
 *(.rela.text)
 *(.rela.text.*)
 *(.rela.gnu.linkonce.t*)

.rel.fini
 *(.rel.fini)

.rela.fini
 *(.rela.fini)

.rel.rodata
 *(.rel.rodata)
 *(.rel.rodata.*)
 *(.rel.gnu.linkonce.r*)

.rela.rodata
 *(.rela.rodata)
 *(.rela.rodata.*)
 *(.rela.gnu.linkonce.r*)

.rel.data
 *(.rel.data)
 *(.rel.data.*)
 *(.rel.gnu.linkonce.d*)

.rela.data
 *(.rela.data)
 *(.rela.data.*)
 *(.rela.gnu.linkonce.d*)

.rel.ctors
 *(.rel.ctors)

.rela.ctors
 *(.rela.ctors)

.rel.dtors
 *(.rel.dtors)

.rela.dtors
 *(.rela.dtors)

.rel.got
 *(.rel.got)

.rela.got
 *(.rela.got)

.rel.bss
 *(.rel.bss)

.rela.bss
 *(.rela.bss)

.rel.plt
 *(.rel.plt)

.rela.plt
 *(.rela.plt)

.text           0x00000000      0x8e2
 *(.vectors)
 .vectors       0x00000000       0x26 C:/Program Files (x86)/Atmel/Studio/7.0/Packs/Atmel/ATtiny_DFP/1.2.118/gcc/dev/attiny2313/avr25/tiny-stack/crtattiny2313.o
                0x00000000                __vector_default
                0x00000000                __vectors
 *(.vectors)
 *(.progmem.gcc*)
                0x00000026                . = ALIGN (0x2)
                0x00000026                __trampolines_start = .
 *(.trampolines)
 .trampolines   0x00000026        0x0 linker stubs
 *(.trampolines*)
                0x00000026                __trampolines_end = .
 *libprintf_flt.a:*(.progmem.data)
 *libc.a:*(.progmem.data)
 *(.progmem*)
 .progmem.data.wd_timeout_eemem
                0x00000026        0x2 lib/relay/relay.o
                0x00000026                wd_timeout_eemem
 .progmem.data.sys_func_names
                0x00000028        0x6 lib/shell/cmd_func.o
                0x00000028                sys_func_names
 .progmem.data.funcname3
                0x0000002e        0x8 lib/shell/cmd_func.o
                0x0000002e                funcname3
 .progmem.data.funcname2
                0x00000036        0x3 lib/shell/cmd_func.o
                0x00000036                funcname2
 .progmem.data.funcname1
                0x00000039        0x5 lib/shell/cmd_func.o
                0x00000039                funcname1
 .progmem.data.msg_rst
                0x0000003e        0x4 lib/shell/cmd_func.o
                0x0000003e                msg_rst
 .progmem.data.msg_set
                0x00000042        0x4 lib/shell/cmd_func.o
                0x00000042                msg_set
 .progmem.data.msg_err_unknown
                0x00000046       0x16 lib/shell/cmd_func.o
                0x00000046                msg_err_unknown
 .progmem.data.wd_help
                0x0000005c       0x51 lib/shell/cmd_func.o
                0x0000005c                wd_help
 .progmem.data.help_text
                0x000000ad       0x3f lib/shell/cmd_func.o
                0x000000ad                help_text
 .progmem.data.pgm_newline
                0x000000ec        0x3 lib/shell/cmd_func.o
 .progmem.data.pgm_error
                0x000000ef        0x6 main.o
 .progmem.data.pgm_ok
                0x000000f5        0x5 main.o
                0x000000fa                . = ALIGN (0x2)
 *(.jumptables)
 *(.jumptables*)
 *(.lowtext)
 *(.lowtext*)
                0x000000fa                __ctors_start = .
 *(.ctors)
                0x000000fa                __ctors_end = .
                0x000000fa                __dtors_start = .
 *(.dtors)
                0x000000fa                __dtors_end = .
 SORT(*)(.ctors)
 SORT(*)(.dtors)
 *(.init0)
 .init0         0x000000fa        0x0 C:/Program Files (x86)/Atmel/Studio/7.0/Packs/Atmel/ATtiny_DFP/1.2.118/gcc/dev/attiny2313/avr25/tiny-stack/crtattiny2313.o
                0x000000fa                __init
 *(.init0)
 *(.init1)
 *(.init1)
 *(.init2)
 .init2         0x000000fa        0x8 C:/Program Files (x86)/Atmel/Studio/7.0/Packs/Atmel/ATtiny_DFP/1.2.118/gcc/dev/attiny2313/avr25/tiny-stack/crtattiny2313.o
 *(.init2)
 *(.init3)
 *(.init3)
 *(.init4)
 .init4         0x00000102       0x16 c:/program files (x86)/atmel/studio/7.0/toolchain/avr8/avr8-gnu-toolchain/bin/../lib/gcc/avr/4.9.2/avr25/tiny-stack\libgcc.a(_copy_data.o)
                0x00000102                __do_copy_data
 .init4         0x00000118       0x10 c:/program files (x86)/atmel/studio/7.0/toolchain/avr8/avr8-gnu-toolchain/bin/../lib/gcc/avr/4.9.2/avr25/tiny-stack\libgcc.a(_clear_bss.o)
                0x00000118                __do_clear_bss
 *(.init4)
 *(.init5)
 *(.init5)
 *(.init6)
 *(.init6)
 *(.init7)
 *(.init7)
 *(.init8)
 *(.init8)
 *(.init9)
 .init9         0x00000128        0x4 C:/Program Files (x86)/Atmel/Studio/7.0/Packs/Atmel/ATtiny_DFP/1.2.118/gcc/dev/attiny2313/avr25/tiny-stack/crtattiny2313.o
 *(.init9)
 *(.text)
 .text          0x0000012c        0x2 C:/Program Files (x86)/Atmel/Studio/7.0/Packs/Atmel/ATtiny_DFP/1.2.118/gcc/dev/attiny2313/avr25/tiny-stack/crtattiny2313.o
                0x0000012c                __vector_1
                0x0000012c                __vector_12
                0x0000012c                __bad_interrupt
                0x0000012c                __vector_6
                0x0000012c                __vector_3
                0x0000012c                __vector_11
                0x0000012c                __vector_13
                0x0000012c                __vector_17
                0x0000012c                __vector_5
                0x0000012c                __vector_9
                0x0000012c                __vector_2
                0x0000012c                __vector_15
                0x0000012c                __vector_14
                0x0000012c                __vector_10
                0x0000012c                __vector_16
                0x0000012c                __vector_18
                0x0000012e                . = ALIGN (0x2)
 *(.text.*)
 .text.relay_on
                0x0000012e        0x4 lib/relay/relay.o
                0x0000012e                relay_on
 .text.relay_blink
                0x00000132        0xe lib/relay/relay.o
                0x00000132                relay_blink
 .text.relay_off
                0x00000140        0x4 lib/relay/relay.o
                0x00000140                relay_off
 .text.relay_init
                0x00000144       0x12 lib/relay/relay.o
                0x00000144                relay_init
 .text.relay_start_watch
                0x00000156       0x1e lib/relay/relay.o
                0x00000156                relay_start_watch
 .text._relay_blink_off
                0x00000174        0x4 lib/relay/relay.o
                0x00000174                _relay_blink_off
 .text.relay_set_timeout
                0x00000178        0xa lib/relay/relay.o
                0x00000178                relay_set_timeout
 .text.restart  0x00000182       0x12 lib/shell/cmd_func.o
                0x00000182                restart
 .text.print_help
                0x00000194        0x6 lib/shell/cmd_func.o
                0x00000194                print_help
 .text.print_wd_help
                0x0000019a       0x1e lib/shell/cmd_func.o
                0x0000019a                print_wd_help
 .text.print_unknown
                0x000001b8       0x1a lib/shell/cmd_func.o
                0x000001b8                print_unknown
 .text.wd       0x000001d2       0x7e lib/shell/cmd_func.o
                0x000001d2                wd
 .text.split_args
                0x00000250       0x80 lib/shell/cmd_interp.o
                0x00000250                split_args
 .text.cmd_exec
                0x000002d0       0x5a lib/shell/cmd_interp.o
                0x000002d0                cmd_exec
 .text.is_regular_char
                0x0000032a       0x26 lib/shell/cmd_util.o
                0x0000032a                is_regular_char
 .text.str_len  0x00000350       0x16 lib/shell/cmd_util.o
                0x00000350                str_len
 .text.str_len_pgm
                0x00000366       0x16 lib/shell/cmd_util.o
                0x00000366                str_len_pgm
 .text.str_equal_pgm
                0x0000037c       0x50 lib/shell/cmd_util.o
                0x0000037c                str_equal_pgm
 .text.str_to_uint16
                0x000003cc       0x5c lib/shell/cmd_util.o
                0x000003cc                str_to_uint16
 .text.str_is_number
                0x00000428       0x20 lib/shell/cmd_util.o
                0x00000428                str_is_number
 .text.str_uint16_to_str
                0x00000448        0x2 lib/shell/cmd_util.o
                0x00000448                str_uint16_to_str
 .text.usart_init
                0x0000044a       0x14 lib/usart/uart_text_io.o
                0x0000044a                usart_init
 .text.usart_tx_interrupt
                0x0000045e       0x26 lib/usart/uart_text_io.o
                0x0000045e                usart_tx_interrupt
 .text.usart_check_tx_buffer
                0x00000484        0xe lib/usart/uart_text_io.o
                0x00000484                usart_check_tx_buffer
 .text.usart_send_char
                0x00000492       0x2c lib/usart/uart_text_io.o
                0x00000492                usart_send_char
 .text.usart_rx_interrupt
                0x000004be       0x34 lib/usart/uart_text_io.o
                0x000004be                usart_rx_interrupt
 .text.usart_send_string
                0x000004f2       0x24 lib/usart/uart_text_io.o
                0x000004f2                usart_send_string
 .text.usart_pgm_send_string
                0x00000516       0x24 lib/usart/uart_text_io.o
                0x00000516                usart_pgm_send_string
 .text.execute_command
                0x0000053a       0x7a main.o
                0x0000053a                execute_command
 .text.init     0x000005b4        0x6 main.o
                0x000005b4                init
 .text.startup.main
                0x000005ba        0xc main.o
                0x000005ba                main
 .text.__vector_4
                0x000005c6       0x48 main.o
                0x000005c6                __vector_4
 .text.__vector_7
                0x0000060e       0x50 main.o
                0x0000060e                __vector_7
 .text.__vector_8
                0x0000065e       0x46 main.o
                0x0000065e                __vector_8
 .text.Idle     0x000006a4        0x2 rtos/rtos.o
                0x000006a4                Idle
 .text.rtos_timer_setup
                0x000006a6       0x20 rtos/rtos.o
                0x000006a6                rtos_timer_setup
 .text.rtos_init
                0x000006c6       0x5c rtos/rtos.o
                0x000006c6                rtos_init
 .text.AddTask  0x00000722       0x2e rtos/rtos.o
                0x00000722                AddTask
 .text.AddTimerTask
                0x00000750       0x6e rtos/rtos.o
                0x00000750                AddTimerTask
 .text.TaskManager
                0x000007be       0x56 rtos/rtos.o
                0x000007be                TaskManager
 .text.TimerService
                0x00000814       0x66 rtos/rtos.o
                0x00000814                TimerService
 .text.libgcc.mul
                0x0000087a       0x22 c:/program files (x86)/atmel/studio/7.0/toolchain/avr8/avr8-gnu-toolchain/bin/../lib/gcc/avr/4.9.2/avr25/tiny-stack\libgcc.a(_mulhi3.o)
                0x0000087a                __mulhi3
 .text.avr-libc
                0x0000089c        0x6 C:/Program Files (x86)/Atmel/Studio/7.0/Packs/Atmel/ATtiny_DFP/1.2.118/gcc/dev/attiny2313/avr25/tiny-stack\libattiny2313.a(eerd_word.o)
                0x0000089c                eeprom_read_word
 .text.avr-libc
                0x000008a2        0x6 C:/Program Files (x86)/Atmel/Studio/7.0/Packs/Atmel/ATtiny_DFP/1.2.118/gcc/dev/attiny2313/avr25/tiny-stack\libattiny2313.a(eewr_word.o)
                0x000008a2                eeprom_write_word
 .text.avr-libc
                0x000008a8       0x1c C:/Program Files (x86)/Atmel/Studio/7.0/Packs/Atmel/ATtiny_DFP/1.2.118/gcc/dev/attiny2313/avr25/tiny-stack\libattiny2313.a(eerd_block.o)
                0x000008a8                eeprom_read_block
                0x000008ac                eeprom_read_blraw
 .text.avr-libc
                0x000008c4       0x1a C:/Program Files (x86)/Atmel/Studio/7.0/Packs/Atmel/ATtiny_DFP/1.2.118/gcc/dev/attiny2313/avr25/tiny-stack\libattiny2313.a(eewr_byte.o)
                0x000008c4                eeprom_write_byte
                0x000008c6                eeprom_write_r18
                0x000008de                . = ALIGN (0x2)
 *(.fini9)
 .fini9         0x000008de        0x0 c:/program files (x86)/atmel/studio/7.0/toolchain/avr8/avr8-gnu-toolchain/bin/../lib/gcc/avr/4.9.2/avr25/tiny-stack\libgcc.a(_exit.o)
                0x000008de                _exit
                0x000008de                exit
 *(.fini9)
 *(.fini8)
 *(.fini8)
 *(.fini7)
 *(.fini7)
 *(.fini6)
 *(.fini6)
 *(.fini5)
 *(.fini5)
 *(.fini4)
 *(.fini4)
 *(.fini3)
 *(.fini3)
 *(.fini2)
 *(.fini2)
 *(.fini1)
 *(.fini1)
 *(.fini0)
 .fini0         0x000008de        0x4 c:/program files (x86)/atmel/studio/7.0/toolchain/avr8/avr8-gnu-toolchain/bin/../lib/gcc/avr/4.9.2/avr25/tiny-stack\libgcc.a(_exit.o)
 *(.fini0)
                0x000008e2                _etext = .

.data           0x00800060        0xc load address 0x000008e2
                0x00800060                PROVIDE (__data_start, .)
 *(.data)
 *(.data*)
 .data.sys_func
                0x00800060        0x6 lib/shell/cmd_func.o
                0x00800060                sys_func
 *(.rodata)
 *(.rodata*)
 .rodata.str1.1
                0x00800066        0x5 lib/shell/cmd_func.o
 *(.gnu.linkonce.d*)
                0x0080006c                . = ALIGN (0x2)
 *fill*         0x0080006b        0x1 
                0x0080006c                _edata = .
                0x0080006c                PROVIDE (__data_end, .)

.bss            0x0080006c       0x59
                0x0080006c                PROVIDE (__bss_start, .)
 *(.bss)
 *(.bss*)
 .bss.MainTimer
                0x0080006c       0x18 rtos/rtos.o
 .bss.TaskQueue
                0x00800084        0xc rtos/rtos.o
 *(COMMON)
 COMMON         0x00800090       0x2e lib/relay/relay.o
                0x00800090                main_watchdog_timeout_s
                0x00800092                Tx_buffer
                0x008000a8                Rx_buffer
 COMMON         0x008000be        0x7 lib/shell/cmd_interp.o
                0x008000be                arg_ptr
                0x008000c4                args_num
                0x008000c5                PROVIDE (__bss_end, .)
                0x000008e2                __data_load_start = LOADADDR (.data)
                0x000008ee                __data_load_end = (__data_load_start + SIZEOF (.data))

.noinit         0x008000c5        0x0
                [!provide]                PROVIDE (__noinit_start, .)
 *(.noinit*)
                [!provide]                PROVIDE (__noinit_end, .)
                0x008000c5                _end = .
                [!provide]                PROVIDE (__heap_start, .)

.eeprom         0x00810000        0x0
 *(.eeprom*)
                0x00810000                __eeprom_end = .

.fuse
 *(.fuse)
 *(.lfuse)
 *(.hfuse)
 *(.efuse)

.lock
 *(.lock*)

.signature
 *(.signature*)

.user_signatures
 *(.user_signatures*)

.stab
 *(.stab)

.stabstr
 *(.stabstr)

.stab.excl
 *(.stab.excl)

.stab.exclstr
 *(.stab.exclstr)

.stab.index
 *(.stab.index)

.stab.indexstr
 *(.stab.indexstr)

.comment        0x00000000       0x30
 *(.comment)
 .comment       0x00000000       0x30 lib/relay/relay.o
                                 0x31 (size before relaxing)
 .comment       0x00000030       0x31 lib/shell/cmd_func.o
 .comment       0x00000030       0x31 lib/shell/cmd_interp.o
 .comment       0x00000030       0x31 lib/shell/cmd_util.o
 .comment       0x00000030       0x31 lib/usart/uart_text_io.o
 .comment       0x00000030       0x31 main.o
 .comment       0x00000030       0x31 rtos/rtos.o

.note.gnu.avr.deviceinfo
                0x00000000       0x40
 .note.gnu.avr.deviceinfo
                0x00000000       0x40 C:/Program Files (x86)/Atmel/Studio/7.0/Packs/Atmel/ATtiny_DFP/1.2.118/gcc/dev/attiny2313/avr25/tiny-stack/crtattiny2313.o

.note.gnu.build-id
 *(.note.gnu.build-id)

.debug
 *(.debug)

.line
 *(.line)

.debug_srcinfo
 *(.debug_srcinfo)

.debug_sfnames
 *(.debug_sfnames)

.debug_aranges  0x00000000      0x298
 *(.debug_aranges)
 .debug_aranges
                0x00000000       0x50 lib/relay/relay.o
 .debug_aranges
                0x00000050       0x40 lib/shell/cmd_func.o
 .debug_aranges
                0x00000090       0x28 lib/shell/cmd_interp.o
 .debug_aranges
                0x000000b8       0x68 lib/shell/cmd_util.o
 .debug_aranges
                0x00000120       0x58 lib/usart/uart_text_io.o
 .debug_aranges
                0x00000178       0x50 main.o
 .debug_aranges
                0x000001c8       0x50 rtos/rtos.o
 .debug_aranges
                0x00000218       0x20 C:/Program Files (x86)/Atmel/Studio/7.0/Packs/Atmel/ATtiny_DFP/1.2.118/gcc/dev/attiny2313/avr25/tiny-stack\libattiny2313.a(eerd_word.o)
 .debug_aranges
                0x00000238       0x20 C:/Program Files (x86)/Atmel/Studio/7.0/Packs/Atmel/ATtiny_DFP/1.2.118/gcc/dev/attiny2313/avr25/tiny-stack\libattiny2313.a(eewr_word.o)
 .debug_aranges
                0x00000258       0x20 C:/Program Files (x86)/Atmel/Studio/7.0/Packs/Atmel/ATtiny_DFP/1.2.118/gcc/dev/attiny2313/avr25/tiny-stack\libattiny2313.a(eerd_block.o)
 .debug_aranges
                0x00000278       0x20 C:/Program Files (x86)/Atmel/Studio/7.0/Packs/Atmel/ATtiny_DFP/1.2.118/gcc/dev/attiny2313/avr25/tiny-stack\libattiny2313.a(eewr_byte.o)

.debug_pubnames
 *(.debug_pubnames)

.debug_info     0x00000000     0x25ca
 *(.debug_info .gnu.linkonce.wi.*)
 .debug_info    0x00000000      0x40e C:/Program Files (x86)/Atmel/Studio/7.0/Packs/Atmel/ATtiny_DFP/1.2.118/gcc/dev/attiny2313/avr25/tiny-stack/crtattiny2313.o
 .debug_info    0x0000040e      0x395 lib/relay/relay.o
 .debug_info    0x000007a3      0x6d4 lib/shell/cmd_func.o
 .debug_info    0x00000e77      0x34c lib/shell/cmd_interp.o
 .debug_info    0x000011c3      0x471 lib/shell/cmd_util.o
 .debug_info    0x00001634      0x3bc lib/usart/uart_text_io.o
 .debug_info    0x000019f0      0x434 main.o
 .debug_info    0x00001e24      0x4b9 rtos/rtos.o
 .debug_info    0x000022dd       0xbb C:/Program Files (x86)/Atmel/Studio/7.0/Packs/Atmel/ATtiny_DFP/1.2.118/gcc/dev/attiny2313/avr25/tiny-stack\libattiny2313.a(eerd_word.o)
 .debug_info    0x00002398       0xbb C:/Program Files (x86)/Atmel/Studio/7.0/Packs/Atmel/ATtiny_DFP/1.2.118/gcc/dev/attiny2313/avr25/tiny-stack\libattiny2313.a(eewr_word.o)
 .debug_info    0x00002453       0xbc C:/Program Files (x86)/Atmel/Studio/7.0/Packs/Atmel/ATtiny_DFP/1.2.118/gcc/dev/attiny2313/avr25/tiny-stack\libattiny2313.a(eerd_block.o)
 .debug_info    0x0000250f       0xbb C:/Program Files (x86)/Atmel/Studio/7.0/Packs/Atmel/ATtiny_DFP/1.2.118/gcc/dev/attiny2313/avr25/tiny-stack\libattiny2313.a(eewr_byte.o)

.debug_abbrev   0x00000000     0x1091
 *(.debug_abbrev)
 .debug_abbrev  0x00000000      0x3d7 C:/Program Files (x86)/Atmel/Studio/7.0/Packs/Atmel/ATtiny_DFP/1.2.118/gcc/dev/attiny2313/avr25/tiny-stack/crtattiny2313.o
 .debug_abbrev  0x000003d7      0x15b lib/relay/relay.o
 .debug_abbrev  0x00000532      0x22e lib/shell/cmd_func.o
 .debug_abbrev  0x00000760      0x18d lib/shell/cmd_interp.o
 .debug_abbrev  0x000008ed      0x196 lib/shell/cmd_util.o
 .debug_abbrev  0x00000a83      0x1e2 lib/usart/uart_text_io.o
 .debug_abbrev  0x00000c65      0x1df main.o
 .debug_abbrev  0x00000e44      0x1fd rtos/rtos.o
 .debug_abbrev  0x00001041       0x14 C:/Program Files (x86)/Atmel/Studio/7.0/Packs/Atmel/ATtiny_DFP/1.2.118/gcc/dev/attiny2313/avr25/tiny-stack\libattiny2313.a(eerd_word.o)
 .debug_abbrev  0x00001055       0x14 C:/Program Files (x86)/Atmel/Studio/7.0/Packs/Atmel/ATtiny_DFP/1.2.118/gcc/dev/attiny2313/avr25/tiny-stack\libattiny2313.a(eewr_word.o)
 .debug_abbrev  0x00001069       0x14 C:/Program Files (x86)/Atmel/Studio/7.0/Packs/Atmel/ATtiny_DFP/1.2.118/gcc/dev/attiny2313/avr25/tiny-stack\libattiny2313.a(eerd_block.o)
 .debug_abbrev  0x0000107d       0x14 C:/Program Files (x86)/Atmel/Studio/7.0/Packs/Atmel/ATtiny_DFP/1.2.118/gcc/dev/attiny2313/avr25/tiny-stack\libattiny2313.a(eewr_byte.o)

.debug_line     0x00000000     0x1592
 *(.debug_line .debug_line.* .debug_line_end)
 .debug_line    0x00000000      0x100 C:/Program Files (x86)/Atmel/Studio/7.0/Packs/Atmel/ATtiny_DFP/1.2.118/gcc/dev/attiny2313/avr25/tiny-stack/crtattiny2313.o
 .debug_line    0x00000100      0x237 lib/relay/relay.o
 .debug_line    0x00000337      0x2c1 lib/shell/cmd_func.o
 .debug_line    0x000005f8      0x1c6 lib/shell/cmd_interp.o
 .debug_line    0x000007be      0x2e9 lib/shell/cmd_util.o
 .debug_line    0x00000aa7      0x2c4 lib/usart/uart_text_io.o
 .debug_line    0x00000d6b      0x2c7 main.o
 .debug_line    0x00001032      0x367 rtos/rtos.o
 .debug_line    0x00001399       0x5e C:/Program Files (x86)/Atmel/Studio/7.0/Packs/Atmel/ATtiny_DFP/1.2.118/gcc/dev/attiny2313/avr25/tiny-stack\libattiny2313.a(eerd_word.o)
 .debug_line    0x000013f7       0x5e C:/Program Files (x86)/Atmel/Studio/7.0/Packs/Atmel/ATtiny_DFP/1.2.118/gcc/dev/attiny2313/avr25/tiny-stack\libattiny2313.a(eewr_word.o)
 .debug_line    0x00001455       0xa2 C:/Program Files (x86)/Atmel/Studio/7.0/Packs/Atmel/ATtiny_DFP/1.2.118/gcc/dev/attiny2313/avr25/tiny-stack\libattiny2313.a(eerd_block.o)
 .debug_line    0x000014f7       0x9b C:/Program Files (x86)/Atmel/Studio/7.0/Packs/Atmel/ATtiny_DFP/1.2.118/gcc/dev/attiny2313/avr25/tiny-stack\libattiny2313.a(eewr_byte.o)

.debug_frame    0x00000000      0x53c
 *(.debug_frame)
 .debug_frame   0x00000000       0x84 lib/relay/relay.o
 .debug_frame   0x00000084       0x7c lib/shell/cmd_func.o
 .debug_frame   0x00000100       0x74 lib/shell/cmd_interp.o
 .debug_frame   0x00000174       0xf0 lib/shell/cmd_util.o
 .debug_frame   0x00000264       0xbc lib/usart/uart_text_io.o
 .debug_frame   0x00000320      0x16c main.o
 .debug_frame   0x0000048c       0xb0 rtos/rtos.o

.debug_str      0x00000000      0x764
 *(.debug_str)
 .debug_str     0x00000000      0x163 C:/Program Files (x86)/Atmel/Studio/7.0/Packs/Atmel/ATtiny_DFP/1.2.118/gcc/dev/attiny2313/avr25/tiny-stack/crtattiny2313.o
 .debug_str     0x00000163      0x24b lib/relay/relay.o
                                0x27f (size before relaxing)
 .debug_str     0x000003ae      0x13b lib/shell/cmd_func.o
                                0x329 (size before relaxing)
 .debug_str     0x000004e9       0x69 lib/shell/cmd_interp.o
                                0x24b (size before relaxing)
 .debug_str     0x00000552       0x65 lib/shell/cmd_util.o
                                0x247 (size before relaxing)
 .debug_str     0x000005b7       0xc8 lib/usart/uart_text_io.o
                                0x2be (size before relaxing)
 .debug_str     0x0000067f       0x7c main.o
                                0x2e8 (size before relaxing)
 .debug_str     0x000006fb       0x69 rtos/rtos.o
                                0x292 (size before relaxing)

.debug_loc      0x00000000     0x12b7
 *(.debug_loc)
 .debug_loc     0x00000000       0x36 lib/relay/relay.o
 .debug_loc     0x00000036      0x251 lib/shell/cmd_func.o
 .debug_loc     0x00000287      0x221 lib/shell/cmd_interp.o
 .debug_loc     0x000004a8      0x5a0 lib/shell/cmd_util.o
 .debug_loc     0x00000a48      0x238 lib/usart/uart_text_io.o
 .debug_loc     0x00000c80      0x2f8 main.o
 .debug_loc     0x00000f78      0x33f rtos/rtos.o

.debug_macinfo
 *(.debug_macinfo)

.debug_weaknames
 *(.debug_weaknames)

.debug_funcnames
 *(.debug_funcnames)

.debug_typenames
 *(.debug_typenames)

.debug_varnames
 *(.debug_varnames)

.debug_pubtypes
 *(.debug_pubtypes)

.debug_ranges   0x00000000      0x1f8
 *(.debug_ranges)
 .debug_ranges  0x00000000       0x40 lib/relay/relay.o
 .debug_ranges  0x00000040       0x50 lib/shell/cmd_func.o
 .debug_ranges  0x00000090       0x18 lib/shell/cmd_interp.o
 .debug_ranges  0x000000a8       0x88 lib/shell/cmd_util.o
 .debug_ranges  0x00000130       0x48 lib/usart/uart_text_io.o
 .debug_ranges  0x00000178       0x40 main.o
 .debug_ranges  0x000001b8       0x40 rtos/rtos.o

.debug_macro
 *(.debug_macro)
OUTPUT(watchdog_tiny.elf elf32-avr)
LOAD linker stubs
