Archive member included to satisfy reference by file (symbol)

c:/program files (x86)/atmel/studio/7.0/toolchain/avr8/avr8-gnu-toolchain/bin/../lib/gcc/avr/4.9.2/avr25/tiny-stack\libgcc.a(_mulqi3.o)
                              lib/shell/cmd_util.o (__mulqi3)
c:/program files (x86)/atmel/studio/7.0/toolchain/avr8/avr8-gnu-toolchain/bin/../lib/gcc/avr/4.9.2/avr25/tiny-stack\libgcc.a(_mulhi3.o)
                              lib/relay/relay.o (__mulhi3)
c:/program files (x86)/atmel/studio/7.0/toolchain/avr8/avr8-gnu-toolchain/bin/../lib/gcc/avr/4.9.2/avr25/tiny-stack\libgcc.a(_exit.o)
                              C:/Program Files (x86)/Atmel/Studio/7.0/Packs/Atmel/ATtiny_DFP/1.2.118/gcc/dev/attiny2313/avr25/tiny-stack/crtattiny2313.o (exit)
c:/program files (x86)/atmel/studio/7.0/toolchain/avr8/avr8-gnu-toolchain/bin/../lib/gcc/avr/4.9.2/avr25/tiny-stack\libgcc.a(_copy_data.o)
                              lib/shell/cmd_func.o (__do_copy_data)
c:/program files (x86)/atmel/studio/7.0/toolchain/avr8/avr8-gnu-toolchain/bin/../lib/gcc/avr/4.9.2/avr25/tiny-stack\libgcc.a(_clear_bss.o)
                              lib/relay/relay.o (__do_clear_bss)
C:/Program Files (x86)/Atmel/Studio/7.0/Packs/Atmel/ATtiny_DFP/1.2.118/gcc/dev/attiny2313/avr25/tiny-stack\libattiny2313.a(eerd_word.o)
                              lib/relay/relay.o (eeprom_read_word)
C:/Program Files (x86)/Atmel/Studio/7.0/Packs/Atmel/ATtiny_DFP/1.2.118/gcc/dev/attiny2313/avr25/tiny-stack\libattiny2313.a(eewr_word.o)
                              lib/relay/relay.o (eeprom_write_word)
C:/Program Files (x86)/Atmel/Studio/7.0/Packs/Atmel/ATtiny_DFP/1.2.118/gcc/dev/attiny2313/avr25/tiny-stack\libattiny2313.a(eerd_block.o)
                              C:/Program Files (x86)/Atmel/Studio/7.0/Packs/Atmel/ATtiny_DFP/1.2.118/gcc/dev/attiny2313/avr25/tiny-stack\libattiny2313.a(eerd_word.o) (eeprom_read_blraw)
C:/Program Files (x86)/Atmel/Studio/7.0/Packs/Atmel/ATtiny_DFP/1.2.118/gcc/dev/attiny2313/avr25/tiny-stack\libattiny2313.a(eewr_byte.o)
                              C:/Program Files (x86)/Atmel/Studio/7.0/Packs/Atmel/ATtiny_DFP/1.2.118/gcc/dev/attiny2313/avr25/tiny-stack\libattiny2313.a(eewr_word.o) (eeprom_write_byte)

Allocating common symbols
Common symbol       size              file

arg_ptr             0x6               lib/shell/cmd_interp.o
args_num            0x1               lib/shell/cmd_interp.o
main_watchdog_timeout_s
                    0x2               lib/relay/relay.o
Tx_buffer           0x16              lib/relay/relay.o
ledtype             0x1               lib/shell/cmd_func.o
Rx_buffer           0x16              lib/relay/relay.o

Discarded input sections

 .data          0x00000000        0x0 C:/Program Files (x86)/Atmel/Studio/7.0/Packs/Atmel/ATtiny_DFP/1.2.118/gcc/dev/attiny2313/avr25/tiny-stack/crtattiny2313.o
 .bss           0x00000000        0x0 C:/Program Files (x86)/Atmel/Studio/7.0/Packs/Atmel/ATtiny_DFP/1.2.118/gcc/dev/attiny2313/avr25/tiny-stack/crtattiny2313.o
 .text          0x00000000        0x0 lib/relay/relay.o
 .data          0x00000000        0x0 lib/relay/relay.o
 .bss           0x00000000        0x0 lib/relay/relay.o
 .text          0x00000000        0x0 lib/shell/cmd_func.o
 .data          0x00000000        0x0 lib/shell/cmd_func.o
 .bss           0x00000000        0x0 lib/shell/cmd_func.o
 .text.print_unknown
                0x00000000       0x1a lib/shell/cmd_func.o
 .progmem.data.msg_rst
                0x00000000        0x4 lib/shell/cmd_func.o
 .progmem.data.msg_set
                0x00000000        0x4 lib/shell/cmd_func.o
 .progmem.data.msg_err_unknown
                0x00000000       0x16 lib/shell/cmd_func.o
 COMMON         0x00000000        0x1 lib/shell/cmd_func.o
 .text          0x00000000        0x0 lib/shell/cmd_interp.o
 .data          0x00000000        0x0 lib/shell/cmd_interp.o
 .bss           0x00000000        0x0 lib/shell/cmd_interp.o
 .text          0x00000000        0x0 lib/shell/cmd_util.o
 .data          0x00000000        0x0 lib/shell/cmd_util.o
 .bss           0x00000000        0x0 lib/shell/cmd_util.o
 .text.str_to_uint8
                0x00000000       0x44 lib/shell/cmd_util.o
 .text.str_is_number
                0x00000000       0x20 lib/shell/cmd_util.o
 .text.str_to_b_uint16
                0x00000000       0x4c lib/shell/cmd_util.o
 .text          0x00000000        0x0 lib/usart/uart_text_io.o
 .data          0x00000000        0x0 lib/usart/uart_text_io.o
 .bss           0x00000000        0x0 lib/usart/uart_text_io.o
 .text.usart_send_char_hard
                0x00000000        0x8 lib/usart/uart_text_io.o
 .text          0x00000000        0x0 main.o
 .data          0x00000000        0x0 main.o
 .bss           0x00000000        0x0 main.o
 .text.wdt_init
                0x00000000       0x12 main.o
 .text          0x00000000        0x0 rtos/rtos.o
 .data          0x00000000        0x0 rtos/rtos.o
 .bss           0x00000000        0x0 rtos/rtos.o
 .text          0x00000000        0x0 c:/program files (x86)/atmel/studio/7.0/toolchain/avr8/avr8-gnu-toolchain/bin/../lib/gcc/avr/4.9.2/avr25/tiny-stack\libgcc.a(_mulqi3.o)
 .data          0x00000000        0x0 c:/program files (x86)/atmel/studio/7.0/toolchain/avr8/avr8-gnu-toolchain/bin/../lib/gcc/avr/4.9.2/avr25/tiny-stack\libgcc.a(_mulqi3.o)
 .bss           0x00000000        0x0 c:/program files (x86)/atmel/studio/7.0/toolchain/avr8/avr8-gnu-toolchain/bin/../lib/gcc/avr/4.9.2/avr25/tiny-stack\libgcc.a(_mulqi3.o)
 .text.libgcc.mul
                0x00000000       0x12 c:/program files (x86)/atmel/studio/7.0/toolchain/avr8/avr8-gnu-toolchain/bin/../lib/gcc/avr/4.9.2/avr25/tiny-stack\libgcc.a(_mulqi3.o)
 .text.libgcc.div
                0x00000000        0x0 c:/program files (x86)/atmel/studio/7.0/toolchain/avr8/avr8-gnu-toolchain/bin/../lib/gcc/avr/4.9.2/avr25/tiny-stack\libgcc.a(_mulqi3.o)
 .text.libgcc   0x00000000        0x0 c:/program files (x86)/atmel/studio/7.0/toolchain/avr8/avr8-gnu-toolchain/bin/../lib/gcc/avr/4.9.2/avr25/tiny-stack\libgcc.a(_mulqi3.o)
 .text.libgcc.prologue
                0x00000000        0x0 c:/program files (x86)/atmel/studio/7.0/toolchain/avr8/avr8-gnu-toolchain/bin/../lib/gcc/avr/4.9.2/avr25/tiny-stack\libgcc.a(_mulqi3.o)
 .text.libgcc.builtins
                0x00000000        0x0 c:/program files (x86)/atmel/studio/7.0/toolchain/avr8/avr8-gnu-toolchain/bin/../lib/gcc/avr/4.9.2/avr25/tiny-stack\libgcc.a(_mulqi3.o)
 .text.libgcc.fmul
                0x00000000        0x0 c:/program files (x86)/atmel/studio/7.0/toolchain/avr8/avr8-gnu-toolchain/bin/../lib/gcc/avr/4.9.2/avr25/tiny-stack\libgcc.a(_mulqi3.o)
 .text.libgcc.fixed
                0x00000000        0x0 c:/program files (x86)/atmel/studio/7.0/toolchain/avr8/avr8-gnu-toolchain/bin/../lib/gcc/avr/4.9.2/avr25/tiny-stack\libgcc.a(_mulqi3.o)
 .text          0x00000000        0x0 c:/program files (x86)/atmel/studio/7.0/toolchain/avr8/avr8-gnu-toolchain/bin/../lib/gcc/avr/4.9.2/avr25/tiny-stack\libgcc.a(_mulhi3.o)
 .data          0x00000000        0x0 c:/program files (x86)/atmel/studio/7.0/toolchain/avr8/avr8-gnu-toolchain/bin/../lib/gcc/avr/4.9.2/avr25/tiny-stack\libgcc.a(_mulhi3.o)
 .bss           0x00000000        0x0 c:/program files (x86)/atmel/studio/7.0/toolchain/avr8/avr8-gnu-toolchain/bin/../lib/gcc/avr/4.9.2/avr25/tiny-stack\libgcc.a(_mulhi3.o)
 .text.libgcc.div
                0x00000000        0x0 c:/program files (x86)/atmel/studio/7.0/toolchain/avr8/avr8-gnu-toolchain/bin/../lib/gcc/avr/4.9.2/avr25/tiny-stack\libgcc.a(_mulhi3.o)
 .text.libgcc   0x00000000        0x0 c:/program files (x86)/atmel/studio/7.0/toolchain/avr8/avr8-gnu-toolchain/bin/../lib/gcc/avr/4.9.2/avr25/tiny-stack\libgcc.a(_mulhi3.o)
 .text.libgcc.prologue
                0x00000000        0x0 c:/program files (x86)/atmel/studio/7.0/toolchain/avr8/avr8-gnu-toolchain/bin/../lib/gcc/avr/4.9.2/avr25/tiny-stack\libgcc.a(_mulhi3.o)
 .text.libgcc.builtins
                0x00000000        0x0 c:/program files (x86)/atmel/studio/7.0/toolchain/avr8/avr8-gnu-toolchain/bin/../lib/gcc/avr/4.9.2/avr25/tiny-stack\libgcc.a(_mulhi3.o)
 .text.libgcc.fmul
                0x00000000        0x0 c:/program files (x86)/atmel/studio/7.0/toolchain/avr8/avr8-gnu-toolchain/bin/../lib/gcc/avr/4.9.2/avr25/tiny-stack\libgcc.a(_mulhi3.o)
 .text.libgcc.fixed
                0x00000000        0x0 c:/program files (x86)/atmel/studio/7.0/toolchain/avr8/avr8-gnu-toolchain/bin/../lib/gcc/avr/4.9.2/avr25/tiny-stack\libgcc.a(_mulhi3.o)
 .text          0x00000000        0x0 c:/program files (x86)/atmel/studio/7.0/toolchain/avr8/avr8-gnu-toolchain/bin/../lib/gcc/avr/4.9.2/avr25/tiny-stack\libgcc.a(_exit.o)
 .data          0x00000000        0x0 c:/program files (x86)/atmel/studio/7.0/toolchain/avr8/avr8-gnu-toolchain/bin/../lib/gcc/avr/4.9.2/avr25/tiny-stack\libgcc.a(_exit.o)
 .bss           0x00000000        0x0 c:/program files (x86)/atmel/studio/7.0/toolchain/avr8/avr8-gnu-toolchain/bin/../lib/gcc/avr/4.9.2/avr25/tiny-stack\libgcc.a(_exit.o)
 .text.libgcc.mul
                0x00000000        0x0 c:/program files (x86)/atmel/studio/7.0/toolchain/avr8/avr8-gnu-toolchain/bin/../lib/gcc/avr/4.9.2/avr25/tiny-stack\libgcc.a(_exit.o)
 .text.libgcc.div
                0x00000000        0x0 c:/program files (x86)/atmel/studio/7.0/toolchain/avr8/avr8-gnu-toolchain/bin/../lib/gcc/avr/4.9.2/avr25/tiny-stack\libgcc.a(_exit.o)
 .text.libgcc   0x00000000        0x0 c:/program files (x86)/atmel/studio/7.0/toolchain/avr8/avr8-gnu-toolchain/bin/../lib/gcc/avr/4.9.2/avr25/tiny-stack\libgcc.a(_exit.o)
 .text.libgcc.prologue
                0x00000000        0x0 c:/program files (x86)/atmel/studio/7.0/toolchain/avr8/avr8-gnu-toolchain/bin/../lib/gcc/avr/4.9.2/avr25/tiny-stack\libgcc.a(_exit.o)
 .text.libgcc.builtins
                0x00000000        0x0 c:/program files (x86)/atmel/studio/7.0/toolchain/avr8/avr8-gnu-toolchain/bin/../lib/gcc/avr/4.9.2/avr25/tiny-stack\libgcc.a(_exit.o)
 .text.libgcc.fmul
                0x00000000        0x0 c:/program files (x86)/atmel/studio/7.0/toolchain/avr8/avr8-gnu-toolchain/bin/../lib/gcc/avr/4.9.2/avr25/tiny-stack\libgcc.a(_exit.o)
 .text.libgcc.fixed
                0x00000000        0x0 c:/program files (x86)/atmel/studio/7.0/toolchain/avr8/avr8-gnu-toolchain/bin/../lib/gcc/avr/4.9.2/avr25/tiny-stack\libgcc.a(_exit.o)
 .text          0x00000000        0x0 c:/program files (x86)/atmel/studio/7.0/toolchain/avr8/avr8-gnu-toolchain/bin/../lib/gcc/avr/4.9.2/avr25/tiny-stack\libgcc.a(_copy_data.o)
 .data          0x00000000        0x0 c:/program files (x86)/atmel/studio/7.0/toolchain/avr8/avr8-gnu-toolchain/bin/../lib/gcc/avr/4.9.2/avr25/tiny-stack\libgcc.a(_copy_data.o)
 .bss           0x00000000        0x0 c:/program files (x86)/atmel/studio/7.0/toolchain/avr8/avr8-gnu-toolchain/bin/../lib/gcc/avr/4.9.2/avr25/tiny-stack\libgcc.a(_copy_data.o)
 .text.libgcc.mul
                0x00000000        0x0 c:/program files (x86)/atmel/studio/7.0/toolchain/avr8/avr8-gnu-toolchain/bin/../lib/gcc/avr/4.9.2/avr25/tiny-stack\libgcc.a(_copy_data.o)
 .text.libgcc.div
                0x00000000        0x0 c:/program files (x86)/atmel/studio/7.0/toolchain/avr8/avr8-gnu-toolchain/bin/../lib/gcc/avr/4.9.2/avr25/tiny-stack\libgcc.a(_copy_data.o)
 .text.libgcc   0x00000000        0x0 c:/program files (x86)/atmel/studio/7.0/toolchain/avr8/avr8-gnu-toolchain/bin/../lib/gcc/avr/4.9.2/avr25/tiny-stack\libgcc.a(_copy_data.o)
 .text.libgcc.prologue
                0x00000000        0x0 c:/program files (x86)/atmel/studio/7.0/toolchain/avr8/avr8-gnu-toolchain/bin/../lib/gcc/avr/4.9.2/avr25/tiny-stack\libgcc.a(_copy_data.o)
 .text.libgcc.builtins
                0x00000000        0x0 c:/program files (x86)/atmel/studio/7.0/toolchain/avr8/avr8-gnu-toolchain/bin/../lib/gcc/avr/4.9.2/avr25/tiny-stack\libgcc.a(_copy_data.o)
 .text.libgcc.fmul
                0x00000000        0x0 c:/program files (x86)/atmel/studio/7.0/toolchain/avr8/avr8-gnu-toolchain/bin/../lib/gcc/avr/4.9.2/avr25/tiny-stack\libgcc.a(_copy_data.o)
 .text.libgcc.fixed
                0x00000000        0x0 c:/program files (x86)/atmel/studio/7.0/toolchain/avr8/avr8-gnu-toolchain/bin/../lib/gcc/avr/4.9.2/avr25/tiny-stack\libgcc.a(_copy_data.o)
 .text          0x00000000        0x0 c:/program files (x86)/atmel/studio/7.0/toolchain/avr8/avr8-gnu-toolchain/bin/../lib/gcc/avr/4.9.2/avr25/tiny-stack\libgcc.a(_clear_bss.o)
 .data          0x00000000        0x0 c:/program files (x86)/atmel/studio/7.0/toolchain/avr8/avr8-gnu-toolchain/bin/../lib/gcc/avr/4.9.2/avr25/tiny-stack\libgcc.a(_clear_bss.o)
 .bss           0x00000000        0x0 c:/program files (x86)/atmel/studio/7.0/toolchain/avr8/avr8-gnu-toolchain/bin/../lib/gcc/avr/4.9.2/avr25/tiny-stack\libgcc.a(_clear_bss.o)
 .text.libgcc.mul
                0x00000000        0x0 c:/program files (x86)/atmel/studio/7.0/toolchain/avr8/avr8-gnu-toolchain/bin/../lib/gcc/avr/4.9.2/avr25/tiny-stack\libgcc.a(_clear_bss.o)
 .text.libgcc.div
                0x00000000        0x0 c:/program files (x86)/atmel/studio/7.0/toolchain/avr8/avr8-gnu-toolchain/bin/../lib/gcc/avr/4.9.2/avr25/tiny-stack\libgcc.a(_clear_bss.o)
 .text.libgcc   0x00000000        0x0 c:/program files (x86)/atmel/studio/7.0/toolchain/avr8/avr8-gnu-toolchain/bin/../lib/gcc/avr/4.9.2/avr25/tiny-stack\libgcc.a(_clear_bss.o)
 .text.libgcc.prologue
                0x00000000        0x0 c:/program files (x86)/atmel/studio/7.0/toolchain/avr8/avr8-gnu-toolchain/bin/../lib/gcc/avr/4.9.2/avr25/tiny-stack\libgcc.a(_clear_bss.o)
 .text.libgcc.builtins
                0x00000000        0x0 c:/program files (x86)/atmel/studio/7.0/toolchain/avr8/avr8-gnu-toolchain/bin/../lib/gcc/avr/4.9.2/avr25/tiny-stack\libgcc.a(_clear_bss.o)
 .text.libgcc.fmul
                0x00000000        0x0 c:/program files (x86)/atmel/studio/7.0/toolchain/avr8/avr8-gnu-toolchain/bin/../lib/gcc/avr/4.9.2/avr25/tiny-stack\libgcc.a(_clear_bss.o)
 .text.libgcc.fixed
                0x00000000        0x0 c:/program files (x86)/atmel/studio/7.0/toolchain/avr8/avr8-gnu-toolchain/bin/../lib/gcc/avr/4.9.2/avr25/tiny-stack\libgcc.a(_clear_bss.o)
 .text          0x00000000        0x0 C:/Program Files (x86)/Atmel/Studio/7.0/Packs/Atmel/ATtiny_DFP/1.2.118/gcc/dev/attiny2313/avr25/tiny-stack\libattiny2313.a(eerd_word.o)
 .data          0x00000000        0x0 C:/Program Files (x86)/Atmel/Studio/7.0/Packs/Atmel/ATtiny_DFP/1.2.118/gcc/dev/attiny2313/avr25/tiny-stack\libattiny2313.a(eerd_word.o)
 .bss           0x00000000        0x0 C:/Program Files (x86)/Atmel/Studio/7.0/Packs/Atmel/ATtiny_DFP/1.2.118/gcc/dev/attiny2313/avr25/tiny-stack\libattiny2313.a(eerd_word.o)
 .text          0x00000000        0x0 C:/Program Files (x86)/Atmel/Studio/7.0/Packs/Atmel/ATtiny_DFP/1.2.118/gcc/dev/attiny2313/avr25/tiny-stack\libattiny2313.a(eewr_word.o)
 .data          0x00000000        0x0 C:/Program Files (x86)/Atmel/Studio/7.0/Packs/Atmel/ATtiny_DFP/1.2.118/gcc/dev/attiny2313/avr25/tiny-stack\libattiny2313.a(eewr_word.o)
 .bss           0x00000000        0x0 C:/Program Files (x86)/Atmel/Studio/7.0/Packs/Atmel/ATtiny_DFP/1.2.118/gcc/dev/attiny2313/avr25/tiny-stack\libattiny2313.a(eewr_word.o)
 .text          0x00000000        0x0 C:/Program Files (x86)/Atmel/Studio/7.0/Packs/Atmel/ATtiny_DFP/1.2.118/gcc/dev/attiny2313/avr25/tiny-stack\libattiny2313.a(eerd_block.o)
 .data          0x00000000        0x0 C:/Program Files (x86)/Atmel/Studio/7.0/Packs/Atmel/ATtiny_DFP/1.2.118/gcc/dev/attiny2313/avr25/tiny-stack\libattiny2313.a(eerd_block.o)
 .bss           0x00000000        0x0 C:/Program Files (x86)/Atmel/Studio/7.0/Packs/Atmel/ATtiny_DFP/1.2.118/gcc/dev/attiny2313/avr25/tiny-stack\libattiny2313.a(eerd_block.o)
 .text          0x00000000        0x0 C:/Program Files (x86)/Atmel/Studio/7.0/Packs/Atmel/ATtiny_DFP/1.2.118/gcc/dev/attiny2313/avr25/tiny-stack\libattiny2313.a(eewr_byte.o)
 .data          0x00000000        0x0 C:/Program Files (x86)/Atmel/Studio/7.0/Packs/Atmel/ATtiny_DFP/1.2.118/gcc/dev/attiny2313/avr25/tiny-stack\libattiny2313.a(eewr_byte.o)
 .bss           0x00000000        0x0 C:/Program Files (x86)/Atmel/Studio/7.0/Packs/Atmel/ATtiny_DFP/1.2.118/gcc/dev/attiny2313/avr25/tiny-stack\libattiny2313.a(eewr_byte.o)

Memory Configuration

Name             Origin             Length             Attributes
text             0x00000000         0x00002000         xr
data             0x00800060         0x0000ffa0         rw !x
eeprom           0x00810000         0x00010000         rw !x
fuse             0x00820000         0x00000003         rw !x
lock             0x00830000         0x00000400         rw !x
signature        0x00840000         0x00000400         rw !x
user_signatures  0x00850000         0x00000400         rw !x
*default*        0x00000000         0xffffffff

Linker script and memory map

LOAD C:/Program Files (x86)/Atmel/Studio/7.0/Packs/Atmel/ATtiny_DFP/1.2.118/gcc/dev/attiny2313/avr25/tiny-stack/crtattiny2313.o
LOAD lib/relay/relay.o
LOAD lib/shell/cmd_func.o
LOAD lib/shell/cmd_interp.o
LOAD lib/shell/cmd_util.o
LOAD lib/usart/uart_text_io.o
LOAD main.o
LOAD rtos/rtos.o
START GROUP
LOAD c:/program files (x86)/atmel/studio/7.0/toolchain/avr8/avr8-gnu-toolchain/bin/../lib/gcc/avr/4.9.2/../../../../avr/lib/avr25/tiny-stack\libm.a
END GROUP
START GROUP
LOAD c:/program files (x86)/atmel/studio/7.0/toolchain/avr8/avr8-gnu-toolchain/bin/../lib/gcc/avr/4.9.2/avr25/tiny-stack\libgcc.a
LOAD c:/program files (x86)/atmel/studio/7.0/toolchain/avr8/avr8-gnu-toolchain/bin/../lib/gcc/avr/4.9.2/../../../../avr/lib/avr25/tiny-stack\libm.a
LOAD c:/program files (x86)/atmel/studio/7.0/toolchain/avr8/avr8-gnu-toolchain/bin/../lib/gcc/avr/4.9.2/../../../../avr/lib/avr25/tiny-stack\libc.a
LOAD C:/Program Files (x86)/Atmel/Studio/7.0/Packs/Atmel/ATtiny_DFP/1.2.118/gcc/dev/attiny2313/avr25/tiny-stack\libattiny2313.a
END GROUP
                0x00002000                __TEXT_REGION_LENGTH__ = DEFINED (__TEXT_REGION_LENGTH__)?__TEXT_REGION_LENGTH__:0x2000
                0x0000ffa0                __DATA_REGION_LENGTH__ = DEFINED (__DATA_REGION_LENGTH__)?__DATA_REGION_LENGTH__:0xffa0
                0x00010000                __EEPROM_REGION_LENGTH__ = DEFINED (__EEPROM_REGION_LENGTH__)?__EEPROM_REGION_LENGTH__:0x10000
                [0x00000003]                __FUSE_REGION_LENGTH__ = DEFINED (__FUSE_REGION_LENGTH__)?__FUSE_REGION_LENGTH__:0x400
                0x00000400                __LOCK_REGION_LENGTH__ = DEFINED (__LOCK_REGION_LENGTH__)?__LOCK_REGION_LENGTH__:0x400
                0x00000400                __SIGNATURE_REGION_LENGTH__ = DEFINED (__SIGNATURE_REGION_LENGTH__)?__SIGNATURE_REGION_LENGTH__:0x400
                0x00000400                __USER_SIGNATURE_REGION_LENGTH__ = DEFINED (__USER_SIGNATURE_REGION_LENGTH__)?__USER_SIGNATURE_REGION_LENGTH__:0x400

.hash
 *(.hash)

.dynsym
 *(.dynsym)

.dynstr
 *(.dynstr)

.gnu.version
 *(.gnu.version)

.gnu.version_d
 *(.gnu.version_d)

.gnu.version_r
 *(.gnu.version_r)

.rel.init
 *(.rel.init)

.rela.init
 *(.rela.init)

.rel.text
 *(.rel.text)
 *(.rel.text.*)
 *(.rel.gnu.linkonce.t*)

.rela.text
 *(.rela.text)
 *(.rela.text.*)
 *(.rela.gnu.linkonce.t*)

.rel.fini
 *(.rel.fini)

.rela.fini
 *(.rela.fini)

.rel.rodata
 *(.rel.rodata)
 *(.rel.rodata.*)
 *(.rel.gnu.linkonce.r*)

.rela.rodata
 *(.rela.rodata)
 *(.rela.rodata.*)
 *(.rela.gnu.linkonce.r*)

.rel.data
 *(.rel.data)
 *(.rel.data.*)
 *(.rel.gnu.linkonce.d*)

.rela.data
 *(.rela.data)
 *(.rela.data.*)
 *(.rela.gnu.linkonce.d*)

.rel.ctors
 *(.rel.ctors)

.rela.ctors
 *(.rela.ctors)

.rel.dtors
 *(.rel.dtors)

.rela.dtors
 *(.rela.dtors)

.rel.got
 *(.rel.got)

.rela.got
 *(.rela.got)

.rel.bss
 *(.rel.bss)

.rela.bss
 *(.rela.bss)

.rel.plt
 *(.rel.plt)

.rela.plt
 *(.rela.plt)

.text           0x00000000      0x7f4
 *(.vectors)
 .vectors       0x00000000       0x26 C:/Program Files (x86)/Atmel/Studio/7.0/Packs/Atmel/ATtiny_DFP/1.2.118/gcc/dev/attiny2313/avr25/tiny-stack/crtattiny2313.o
                0x00000000                __vector_default
                0x00000000                __vectors
 *(.vectors)
 *(.progmem.gcc*)
                0x00000026                . = ALIGN (0x2)
                0x00000026                __trampolines_start = .
 *(.trampolines)
 .trampolines   0x00000026        0x0 linker stubs
 *(.trampolines*)
                0x00000026                __trampolines_end = .
 *libprintf_flt.a:*(.progmem.data)
 *libc.a:*(.progmem.data)
 *(.progmem*)
 .progmem.data.wd_timeout_eemem
                0x00000026        0x2 lib/relay/relay.o
                0x00000026                wd_timeout_eemem
 .progmem.data.sys_func_names
                0x00000028        0x4 lib/shell/cmd_func.o
                0x00000028                sys_func_names
 .progmem.data.funcname3
                0x0000002c        0x8 lib/shell/cmd_func.o
                0x0000002c                funcname3
 .progmem.data.funcname2
                0x00000034        0x3 lib/shell/cmd_func.o
                0x00000034                funcname2
 .progmem.data.wd_help
                0x00000037       0x51 lib/shell/cmd_func.o
                0x00000037                wd_help
 .progmem.data.pgm_newline
                0x00000088        0x3 lib/shell/cmd_func.o
 .progmem.data.pgm_error
                0x0000008b        0x6 main.o
 .progmem.data.pgm_ok
                0x00000091        0x5 main.o
                0x00000096                . = ALIGN (0x2)
 *(.jumptables)
 *(.jumptables*)
 *(.lowtext)
 *(.lowtext*)
                0x00000096                __ctors_start = .
 *(.ctors)
                0x00000096                __ctors_end = .
                0x00000096                __dtors_start = .
 *(.dtors)
                0x00000096                __dtors_end = .
 SORT(*)(.ctors)
 SORT(*)(.dtors)
 *(.init0)
 .init0         0x00000096        0x0 C:/Program Files (x86)/Atmel/Studio/7.0/Packs/Atmel/ATtiny_DFP/1.2.118/gcc/dev/attiny2313/avr25/tiny-stack/crtattiny2313.o
                0x00000096                __init
 *(.init0)
 *(.init1)
 *(.init1)
 *(.init2)
 .init2         0x00000096        0x8 C:/Program Files (x86)/Atmel/Studio/7.0/Packs/Atmel/ATtiny_DFP/1.2.118/gcc/dev/attiny2313/avr25/tiny-stack/crtattiny2313.o
 *(.init2)
 *(.init3)
 *(.init3)
 *(.init4)
 .init4         0x0000009e       0x16 c:/program files (x86)/atmel/studio/7.0/toolchain/avr8/avr8-gnu-toolchain/bin/../lib/gcc/avr/4.9.2/avr25/tiny-stack\libgcc.a(_copy_data.o)
                0x0000009e                __do_copy_data
 .init4         0x000000b4       0x10 c:/program files (x86)/atmel/studio/7.0/toolchain/avr8/avr8-gnu-toolchain/bin/../lib/gcc/avr/4.9.2/avr25/tiny-stack\libgcc.a(_clear_bss.o)
                0x000000b4                __do_clear_bss
 *(.init4)
 *(.init5)
 *(.init5)
 *(.init6)
 *(.init6)
 *(.init7)
 *(.init7)
 *(.init8)
 *(.init8)
 *(.init9)
 .init9         0x000000c4        0x4 C:/Program Files (x86)/Atmel/Studio/7.0/Packs/Atmel/ATtiny_DFP/1.2.118/gcc/dev/attiny2313/avr25/tiny-stack/crtattiny2313.o
 *(.init9)
 *(.text)
 .text          0x000000c8        0x2 C:/Program Files (x86)/Atmel/Studio/7.0/Packs/Atmel/ATtiny_DFP/1.2.118/gcc/dev/attiny2313/avr25/tiny-stack/crtattiny2313.o
                0x000000c8                __vector_1
                0x000000c8                __vector_12
                0x000000c8                __bad_interrupt
                0x000000c8                __vector_6
                0x000000c8                __vector_3
                0x000000c8                __vector_11
                0x000000c8                __vector_13
                0x000000c8                __vector_17
                0x000000c8                __vector_5
                0x000000c8                __vector_9
                0x000000c8                __vector_2
                0x000000c8                __vector_15
                0x000000c8                __vector_14
                0x000000c8                __vector_10
                0x000000c8                __vector_16
                0x000000c8                __vector_18
                0x000000ca                . = ALIGN (0x2)
 *(.text.*)
 .text.relay_on
                0x000000ca        0x4 lib/relay/relay.o
                0x000000ca                relay_on
 .text.relay_blink
                0x000000ce        0xe lib/relay/relay.o
                0x000000ce                relay_blink
 .text.relay_off
                0x000000dc        0x4 lib/relay/relay.o
                0x000000dc                relay_off
 .text.relay_init
                0x000000e0       0x12 lib/relay/relay.o
                0x000000e0                relay_init
 .text.relay_start_watch
                0x000000f2       0x1e lib/relay/relay.o
                0x000000f2                relay_start_watch
 .text._relay_blink_off
                0x00000110        0x4 lib/relay/relay.o
                0x00000110                _relay_blink_off
 .text.relay_set_timeout
                0x00000114        0xa lib/relay/relay.o
                0x00000114                relay_set_timeout
 .text.restart  0x0000011e       0x12 lib/shell/cmd_func.o
                0x0000011e                restart
 .text.print_wd_help
                0x00000130       0x1e lib/shell/cmd_func.o
                0x00000130                print_wd_help
 .text.wd       0x0000014e       0x2e lib/shell/cmd_func.o
                0x0000014e                wd
 .text.split_args
                0x0000017c       0x80 lib/shell/cmd_interp.o
                0x0000017c                split_args
 .text.cmd_exec
                0x000001fc       0x52 lib/shell/cmd_interp.o
                0x000001fc                cmd_exec
 .text.is_regular_char
                0x0000024e       0x26 lib/shell/cmd_util.o
                0x0000024e                is_regular_char
 .text.is_digit
                0x00000274        0xe lib/shell/cmd_util.o
                0x00000274                is_digit
 .text.str_len  0x00000282       0x16 lib/shell/cmd_util.o
                0x00000282                str_len
 .text.str_len_pgm
                0x00000298       0x16 lib/shell/cmd_util.o
                0x00000298                str_len_pgm
 .text.str_equal_pgm
                0x000002ae       0x50 lib/shell/cmd_util.o
                0x000002ae                str_equal_pgm
 .text.str_to_uint16
                0x000002fe       0x5c lib/shell/cmd_util.o
                0x000002fe                str_to_uint16
 .text.str_uint16_to_str
                0x0000035a        0x2 lib/shell/cmd_util.o
                0x0000035a                str_uint16_to_str
 .text.usart_init
                0x0000035c       0x14 lib/usart/uart_text_io.o
                0x0000035c                usart_init
 .text.usart_tx_interrupt
                0x00000370       0x26 lib/usart/uart_text_io.o
                0x00000370                usart_tx_interrupt
 .text.usart_check_tx_buffer
                0x00000396        0xe lib/usart/uart_text_io.o
                0x00000396                usart_check_tx_buffer
 .text.usart_send_char
                0x000003a4       0x2c lib/usart/uart_text_io.o
                0x000003a4                usart_send_char
 .text.usart_rx_interrupt
                0x000003d0       0x34 lib/usart/uart_text_io.o
                0x000003d0                usart_rx_interrupt
 .text.usart_send_string
                0x00000404       0x24 lib/usart/uart_text_io.o
                0x00000404                usart_send_string
 .text.usart_pgm_send_string
                0x00000428       0x24 lib/usart/uart_text_io.o
                0x00000428                usart_pgm_send_string
 .text.execute_command
                0x0000044c       0x7a main.o
                0x0000044c                execute_command
 .text.init     0x000004c6        0x6 main.o
                0x000004c6                init
 .text.startup.main
                0x000004cc        0xc main.o
                0x000004cc                main
 .text.__vector_4
                0x000004d8       0x48 main.o
                0x000004d8                __vector_4
 .text.__vector_7
                0x00000520       0x50 main.o
                0x00000520                __vector_7
 .text.__vector_8
                0x00000570       0x46 main.o
                0x00000570                __vector_8
 .text.Idle     0x000005b6        0x2 rtos/rtos.o
                0x000005b6                Idle
 .text.rtos_timer_setup
                0x000005b8       0x20 rtos/rtos.o
                0x000005b8                rtos_timer_setup
 .text.rtos_init
                0x000005d8       0x5c rtos/rtos.o
                0x000005d8                rtos_init
 .text.AddTask  0x00000634       0x2e rtos/rtos.o
                0x00000634                AddTask
 .text.AddTimerTask
                0x00000662       0x6e rtos/rtos.o
                0x00000662                AddTimerTask
 .text.TaskManager
                0x000006d0       0x56 rtos/rtos.o
                0x000006d0                TaskManager
 .text.TimerService
                0x00000726       0x66 rtos/rtos.o
                0x00000726                TimerService
 .text.libgcc.mul
                0x0000078c       0x22 c:/program files (x86)/atmel/studio/7.0/toolchain/avr8/avr8-gnu-toolchain/bin/../lib/gcc/avr/4.9.2/avr25/tiny-stack\libgcc.a(_mulhi3.o)
                0x0000078c                __mulhi3
 .text.avr-libc
                0x000007ae        0x6 C:/Program Files (x86)/Atmel/Studio/7.0/Packs/Atmel/ATtiny_DFP/1.2.118/gcc/dev/attiny2313/avr25/tiny-stack\libattiny2313.a(eerd_word.o)
                0x000007ae                eeprom_read_word
 .text.avr-libc
                0x000007b4        0x6 C:/Program Files (x86)/Atmel/Studio/7.0/Packs/Atmel/ATtiny_DFP/1.2.118/gcc/dev/attiny2313/avr25/tiny-stack\libattiny2313.a(eewr_word.o)
                0x000007b4                eeprom_write_word
 .text.avr-libc
                0x000007ba       0x1c C:/Program Files (x86)/Atmel/Studio/7.0/Packs/Atmel/ATtiny_DFP/1.2.118/gcc/dev/attiny2313/avr25/tiny-stack\libattiny2313.a(eerd_block.o)
                0x000007ba                eeprom_read_block
                0x000007be                eeprom_read_blraw
 .text.avr-libc
                0x000007d6       0x1a C:/Program Files (x86)/Atmel/Studio/7.0/Packs/Atmel/ATtiny_DFP/1.2.118/gcc/dev/attiny2313/avr25/tiny-stack\libattiny2313.a(eewr_byte.o)
                0x000007d6                eeprom_write_byte
                0x000007d8                eeprom_write_r18
                0x000007f0                . = ALIGN (0x2)
 *(.fini9)
 .fini9         0x000007f0        0x0 c:/program files (x86)/atmel/studio/7.0/toolchain/avr8/avr8-gnu-toolchain/bin/../lib/gcc/avr/4.9.2/avr25/tiny-stack\libgcc.a(_exit.o)
                0x000007f0                _exit
                0x000007f0                exit
 *(.fini9)
 *(.fini8)
 *(.fini8)
 *(.fini7)
 *(.fini7)
 *(.fini6)
 *(.fini6)
 *(.fini5)
 *(.fini5)
 *(.fini4)
 *(.fini4)
 *(.fini3)
 *(.fini3)
 *(.fini2)
 *(.fini2)
 *(.fini1)
 *(.fini1)
 *(.fini0)
 .fini0         0x000007f0        0x4 c:/program files (x86)/atmel/studio/7.0/toolchain/avr8/avr8-gnu-toolchain/bin/../lib/gcc/avr/4.9.2/avr25/tiny-stack\libgcc.a(_exit.o)
 *(.fini0)
                0x000007f4                _etext = .

.data           0x00800060        0xa load address 0x000007f4
                0x00800060                PROVIDE (__data_start, .)
 *(.data)
 *(.data*)
 .data.sys_func
                0x00800060        0x4 lib/shell/cmd_func.o
                0x00800060                sys_func
 *(.rodata)
 *(.rodata*)
 .rodata.str1.1
                0x00800064        0x5 lib/shell/cmd_func.o
 *(.gnu.linkonce.d*)
                0x0080006a                . = ALIGN (0x2)
 *fill*         0x00800069        0x1 
                0x0080006a                _edata = .
                0x0080006a                PROVIDE (__data_end, .)

.bss            0x0080006a       0x59
                0x0080006a                PROVIDE (__bss_start, .)
 *(.bss)
 *(.bss*)
 .bss.MainTimer
                0x0080006a       0x18 rtos/rtos.o
 .bss.TaskQueue
                0x00800082        0xc rtos/rtos.o
 *(COMMON)
 COMMON         0x0080008e       0x2e lib/relay/relay.o
                0x0080008e                main_watchdog_timeout_s
                0x00800090                Tx_buffer
                0x008000a6                Rx_buffer
 COMMON         0x008000bc        0x7 lib/shell/cmd_interp.o
                0x008000bc                arg_ptr
                0x008000c2                args_num
                0x008000c3                PROVIDE (__bss_end, .)
                0x000007f4                __data_load_start = LOADADDR (.data)
                0x000007fe                __data_load_end = (__data_load_start + SIZEOF (.data))

.noinit         0x008000c3        0x0
                [!provide]                PROVIDE (__noinit_start, .)
 *(.noinit*)
                [!provide]                PROVIDE (__noinit_end, .)
                0x008000c3                _end = .
                [!provide]                PROVIDE (__heap_start, .)

.eeprom         0x00810000        0x0
 *(.eeprom*)
                0x00810000                __eeprom_end = .

.fuse
 *(.fuse)
 *(.lfuse)
 *(.hfuse)
 *(.efuse)

.lock
 *(.lock*)

.signature
 *(.signature*)

.user_signatures
 *(.user_signatures*)

.stab
 *(.stab)

.stabstr
 *(.stabstr)

.stab.excl
 *(.stab.excl)

.stab.exclstr
 *(.stab.exclstr)

.stab.index
 *(.stab.index)

.stab.indexstr
 *(.stab.indexstr)

.comment        0x00000000       0x30
 *(.comment)
 .comment       0x00000000       0x30 lib/relay/relay.o
                                 0x31 (size before relaxing)
 .comment       0x00000030       0x31 lib/shell/cmd_func.o
 .comment       0x00000030       0x31 lib/shell/cmd_interp.o
 .comment       0x00000030       0x31 lib/shell/cmd_util.o
 .comment       0x00000030       0x31 lib/usart/uart_text_io.o
 .comment       0x00000030       0x31 main.o
 .comment       0x00000030       0x31 rtos/rtos.o

.note.gnu.avr.deviceinfo
                0x00000000       0x40
 .note.gnu.avr.deviceinfo
                0x00000000       0x40 C:/Program Files (x86)/Atmel/Studio/7.0/Packs/Atmel/ATtiny_DFP/1.2.118/gcc/dev/attiny2313/avr25/tiny-stack/crtattiny2313.o

.note.gnu.build-id
 *(.note.gnu.build-id)

.debug
 *(.debug)

.line
 *(.line)

.debug_srcinfo
 *(.debug_srcinfo)

.debug_sfnames
 *(.debug_sfnames)

.debug_aranges  0x00000000      0x290
 *(.debug_aranges)
 .debug_aranges
                0x00000000       0x50 lib/relay/relay.o
 .debug_aranges
                0x00000050       0x38 lib/shell/cmd_func.o
 .debug_aranges
                0x00000088       0x28 lib/shell/cmd_interp.o
 .debug_aranges
                0x000000b0       0x68 lib/shell/cmd_util.o
 .debug_aranges
                0x00000118       0x58 lib/usart/uart_text_io.o
 .debug_aranges
                0x00000170       0x50 main.o
 .debug_aranges
                0x000001c0       0x50 rtos/rtos.o
 .debug_aranges
                0x00000210       0x20 C:/Program Files (x86)/Atmel/Studio/7.0/Packs/Atmel/ATtiny_DFP/1.2.118/gcc/dev/attiny2313/avr25/tiny-stack\libattiny2313.a(eerd_word.o)
 .debug_aranges
                0x00000230       0x20 C:/Program Files (x86)/Atmel/Studio/7.0/Packs/Atmel/ATtiny_DFP/1.2.118/gcc/dev/attiny2313/avr25/tiny-stack\libattiny2313.a(eewr_word.o)
 .debug_aranges
                0x00000250       0x20 C:/Program Files (x86)/Atmel/Studio/7.0/Packs/Atmel/ATtiny_DFP/1.2.118/gcc/dev/attiny2313/avr25/tiny-stack\libattiny2313.a(eerd_block.o)
 .debug_aranges
                0x00000270       0x20 C:/Program Files (x86)/Atmel/Studio/7.0/Packs/Atmel/ATtiny_DFP/1.2.118/gcc/dev/attiny2313/avr25/tiny-stack\libattiny2313.a(eewr_byte.o)

.debug_pubnames
 *(.debug_pubnames)

.debug_info     0x00000000     0x246d
 *(.debug_info .gnu.linkonce.wi.*)
 .debug_info    0x00000000      0x40e C:/Program Files (x86)/Atmel/Studio/7.0/Packs/Atmel/ATtiny_DFP/1.2.118/gcc/dev/attiny2313/avr25/tiny-stack/crtattiny2313.o
 .debug_info    0x0000040e      0x395 lib/relay/relay.o
 .debug_info    0x000007a3      0x577 lib/shell/cmd_func.o
 .debug_info    0x00000d1a      0x34c lib/shell/cmd_interp.o
 .debug_info    0x00001066      0x471 lib/shell/cmd_util.o
 .debug_info    0x000014d7      0x3bc lib/usart/uart_text_io.o
 .debug_info    0x00001893      0x434 main.o
 .debug_info    0x00001cc7      0x4b9 rtos/rtos.o
 .debug_info    0x00002180       0xbb C:/Program Files (x86)/Atmel/Studio/7.0/Packs/Atmel/ATtiny_DFP/1.2.118/gcc/dev/attiny2313/avr25/tiny-stack\libattiny2313.a(eerd_word.o)
 .debug_info    0x0000223b       0xbb C:/Program Files (x86)/Atmel/Studio/7.0/Packs/Atmel/ATtiny_DFP/1.2.118/gcc/dev/attiny2313/avr25/tiny-stack\libattiny2313.a(eewr_word.o)
 .debug_info    0x000022f6       0xbc C:/Program Files (x86)/Atmel/Studio/7.0/Packs/Atmel/ATtiny_DFP/1.2.118/gcc/dev/attiny2313/avr25/tiny-stack\libattiny2313.a(eerd_block.o)
 .debug_info    0x000023b2       0xbb C:/Program Files (x86)/Atmel/Studio/7.0/Packs/Atmel/ATtiny_DFP/1.2.118/gcc/dev/attiny2313/avr25/tiny-stack\libattiny2313.a(eewr_byte.o)

.debug_abbrev   0x00000000     0x1094
 *(.debug_abbrev)
 .debug_abbrev  0x00000000      0x3d7 C:/Program Files (x86)/Atmel/Studio/7.0/Packs/Atmel/ATtiny_DFP/1.2.118/gcc/dev/attiny2313/avr25/tiny-stack/crtattiny2313.o
 .debug_abbrev  0x000003d7      0x15b lib/relay/relay.o
 .debug_abbrev  0x00000532      0x231 lib/shell/cmd_func.o
 .debug_abbrev  0x00000763      0x18d lib/shell/cmd_interp.o
 .debug_abbrev  0x000008f0      0x196 lib/shell/cmd_util.o
 .debug_abbrev  0x00000a86      0x1e2 lib/usart/uart_text_io.o
 .debug_abbrev  0x00000c68      0x1df main.o
 .debug_abbrev  0x00000e47      0x1fd rtos/rtos.o
 .debug_abbrev  0x00001044       0x14 C:/Program Files (x86)/Atmel/Studio/7.0/Packs/Atmel/ATtiny_DFP/1.2.118/gcc/dev/attiny2313/avr25/tiny-stack\libattiny2313.a(eerd_word.o)
 .debug_abbrev  0x00001058       0x14 C:/Program Files (x86)/Atmel/Studio/7.0/Packs/Atmel/ATtiny_DFP/1.2.118/gcc/dev/attiny2313/avr25/tiny-stack\libattiny2313.a(eewr_word.o)
 .debug_abbrev  0x0000106c       0x14 C:/Program Files (x86)/Atmel/Studio/7.0/Packs/Atmel/ATtiny_DFP/1.2.118/gcc/dev/attiny2313/avr25/tiny-stack\libattiny2313.a(eerd_block.o)
 .debug_abbrev  0x00001080       0x14 C:/Program Files (x86)/Atmel/Studio/7.0/Packs/Atmel/ATtiny_DFP/1.2.118/gcc/dev/attiny2313/avr25/tiny-stack\libattiny2313.a(eewr_byte.o)

.debug_line     0x00000000     0x1534
 *(.debug_line .debug_line.* .debug_line_end)
 .debug_line    0x00000000      0x100 C:/Program Files (x86)/Atmel/Studio/7.0/Packs/Atmel/ATtiny_DFP/1.2.118/gcc/dev/attiny2313/avr25/tiny-stack/crtattiny2313.o
 .debug_line    0x00000100      0x237 lib/relay/relay.o
 .debug_line    0x00000337      0x25d lib/shell/cmd_func.o
 .debug_line    0x00000594      0x1cc lib/shell/cmd_interp.o
 .debug_line    0x00000760      0x2e9 lib/shell/cmd_util.o
 .debug_line    0x00000a49      0x2c4 lib/usart/uart_text_io.o
 .debug_line    0x00000d0d      0x2c7 main.o
 .debug_line    0x00000fd4      0x367 rtos/rtos.o
 .debug_line    0x0000133b       0x5e C:/Program Files (x86)/Atmel/Studio/7.0/Packs/Atmel/ATtiny_DFP/1.2.118/gcc/dev/attiny2313/avr25/tiny-stack\libattiny2313.a(eerd_word.o)
 .debug_line    0x00001399       0x5e C:/Program Files (x86)/Atmel/Studio/7.0/Packs/Atmel/ATtiny_DFP/1.2.118/gcc/dev/attiny2313/avr25/tiny-stack\libattiny2313.a(eewr_word.o)
 .debug_line    0x000013f7       0xa2 C:/Program Files (x86)/Atmel/Studio/7.0/Packs/Atmel/ATtiny_DFP/1.2.118/gcc/dev/attiny2313/avr25/tiny-stack\libattiny2313.a(eerd_block.o)
 .debug_line    0x00001499       0x9b C:/Program Files (x86)/Atmel/Studio/7.0/Packs/Atmel/ATtiny_DFP/1.2.118/gcc/dev/attiny2313/avr25/tiny-stack\libattiny2313.a(eewr_byte.o)

.debug_frame    0x00000000      0x528
 *(.debug_frame)
 .debug_frame   0x00000000       0x84 lib/relay/relay.o
 .debug_frame   0x00000084       0x6c lib/shell/cmd_func.o
 .debug_frame   0x000000f0       0x70 lib/shell/cmd_interp.o
 .debug_frame   0x00000160       0xf0 lib/shell/cmd_util.o
 .debug_frame   0x00000250       0xbc lib/usart/uart_text_io.o
 .debug_frame   0x0000030c      0x16c main.o
 .debug_frame   0x00000478       0xb0 rtos/rtos.o

.debug_str      0x00000000      0x745
 *(.debug_str)
 .debug_str     0x00000000      0x163 C:/Program Files (x86)/Atmel/Studio/7.0/Packs/Atmel/ATtiny_DFP/1.2.118/gcc/dev/attiny2313/avr25/tiny-stack/crtattiny2313.o
 .debug_str     0x00000163      0x24b lib/relay/relay.o
                                0x27f (size before relaxing)
 .debug_str     0x000003ae      0x101 lib/shell/cmd_func.o
                                0x2e9 (size before relaxing)
 .debug_str     0x000004af       0x77 lib/shell/cmd_interp.o
                                0x24b (size before relaxing)
 .debug_str     0x00000526       0x72 lib/shell/cmd_util.o
                                0x247 (size before relaxing)
 .debug_str     0x00000598       0xc8 lib/usart/uart_text_io.o
                                0x2be (size before relaxing)
 .debug_str     0x00000660       0x7c main.o
                                0x2e8 (size before relaxing)
 .debug_str     0x000006dc       0x69 rtos/rtos.o
                                0x292 (size before relaxing)

.debug_loc      0x00000000     0x11fb
 *(.debug_loc)
 .debug_loc     0x00000000       0x36 lib/relay/relay.o
 .debug_loc     0x00000036      0x1a2 lib/shell/cmd_func.o
 .debug_loc     0x000001d8      0x214 lib/shell/cmd_interp.o
 .debug_loc     0x000003ec      0x5a0 lib/shell/cmd_util.o
 .debug_loc     0x0000098c      0x238 lib/usart/uart_text_io.o
 .debug_loc     0x00000bc4      0x2f8 main.o
 .debug_loc     0x00000ebc      0x33f rtos/rtos.o

.debug_macinfo
 *(.debug_macinfo)

.debug_weaknames
 *(.debug_weaknames)

.debug_funcnames
 *(.debug_funcnames)

.debug_typenames
 *(.debug_typenames)

.debug_varnames
 *(.debug_varnames)

.debug_pubtypes
 *(.debug_pubtypes)

.debug_ranges   0x00000000      0x1e8
 *(.debug_ranges)
 .debug_ranges  0x00000000       0x40 lib/relay/relay.o
 .debug_ranges  0x00000040       0x40 lib/shell/cmd_func.o
 .debug_ranges  0x00000080       0x18 lib/shell/cmd_interp.o
 .debug_ranges  0x00000098       0x88 lib/shell/cmd_util.o
 .debug_ranges  0x00000120       0x48 lib/usart/uart_text_io.o
 .debug_ranges  0x00000168       0x40 main.o
 .debug_ranges  0x000001a8       0x40 rtos/rtos.o

.debug_macro
 *(.debug_macro)
OUTPUT(watchdog_tiny.elf elf32-avr)
LOAD linker stubs
